
PROGRAM "C:\Users\Hyun\OneDrive - skku.edu\¹ÝµµÃ¼\2021 4-1\codeworrier\week4_2\bin\Flash_Application.abs"

*********************************************************************************************
TARGET SECTION
---------------------------------------------------------------------------------------------
Processor   : Freescale HC12
Memory Model: SMALL
File Format : ELF\DWARF 2.0
Linker      : SmartLinker V-5.0.52 Build 15249, Sep  7 2015

*********************************************************************************************
FILE SECTION
---------------------------------------------------------------------------------------------
START12.C.o                             Model: SMALL,         Lang: ANSI-C,        Compiler Version: ANSI-C/cC++ Compiler for HC12 V-5.0.46 Build 15249, Sep  7 2015
PRINTF.C.o (ansis.lib)                  Model: SMALL,         Lang: ANSI-C,        Compiler Version: ANSI-C/cC++ Compiler for HC12 V-5.0.46 Build 15249, Sep  7 2015
FADD.C.o (ansis.lib)                    Model: SMALL,         Lang: ANSI-C,        Compiler Version: ANSI-C/cC++ Compiler for HC12 V-5.0.46 Build 15249, Sep  7 2015
FANSI.C.o (ansis.lib)                   Model: SMALL,         Lang: ANSI-C,        Compiler Version: ANSI-C/cC++ Compiler for HC12 V-5.0.46 Build 15249, Sep  7 2015
FCMP.C.o (ansis.lib)                    Model: SMALL,         Lang: ANSI-C,        Compiler Version: ANSI-C/cC++ Compiler for HC12 V-5.0.46 Build 15249, Sep  7 2015
FCONV.C.o (ansis.lib)                   Model: SMALL,         Lang: ANSI-C,        Compiler Version: ANSI-C/cC++ Compiler for HC12 V-5.0.46 Build 15249, Sep  7 2015
FMUL.C.o (ansis.lib)                    Model: SMALL,         Lang: ANSI-C,        Compiler Version: ANSI-C/cC++ Compiler for HC12 V-5.0.46 Build 15249, Sep  7 2015
FREGS.C.o (ansis.lib)                   Model: SMALL,         Lang: ANSI-C,        Compiler Version: ANSI-C/cC++ Compiler for HC12 V-5.0.46 Build 15249, Sep  7 2015
rtshc12.c.o (ansis.lib)                 Model: SMALL,         Lang: ANSI-C,        Compiler Version: ANSI-C/cC++ Compiler for HC12 V-5.0.46 Build 15249, Sep  7 2015
VREGS.C.o (ansis.lib)                   Model: SMALL,         Lang: ANSI-C,        Compiler Version: ANSI-C/cC++ Compiler for HC12 V-5.0.46 Build 15249, Sep  7 2015
projectvectors.c.o                      Model: SMALL,         Lang: ANSI-C,        Compiler Version: ANSI-C/cC++ Compiler for HC12 V-5.0.46 Build 15249, Sep  7 2015
main.c.o                                Model: SMALL,         Lang: ANSI-C,        Compiler Version: ANSI-C/cC++ Compiler for HC12 V-5.0.46 Build 15249, Sep  7 2015
per_DP256_K79X.c.o                      Model: SMALL,         Lang: ANSI-C,        Compiler Version: ANSI-C/cC++ Compiler for HC12 V-5.0.46 Build 15249, Sep  7 2015
interrupt.c.o                           Model: SMALL,         Lang: ANSI-C,        Compiler Version: ANSI-C/cC++ Compiler for HC12 V-5.0.46 Build 15249, Sep  7 2015
lcd.c.o                                 Model: SMALL,         Lang: ANSI-C,        Compiler Version: ANSI-C/cC++ Compiler for HC12 V-5.0.46 Build 15249, Sep  7 2015

*********************************************************************************************
STARTUP SECTION
---------------------------------------------------------------------------------------------
Entry point: 0x4029 (_Startup)
_startupData is allocated at 0x4039 and uses 11 Bytes
extern struct _tagStartup {
  unsigned flags          0
  _PFunc   main           0x4C48    (main)
  long     stackOffset    0x1419
  unsigned nofZeroOut     1
  _Range   pZeroOut       0x1000     26
  _Copy    *toCopyDownBeg 0x51A3
} _startupData;

*********************************************************************************************
SECTION-ALLOCATION SECTION
Section Name                    Size  Type     From       To       Segment
---------------------------------------------------------------------------------------------
.init                             57     R     0x4000     0x4038   ROM_4000
.startData                        15     R     0x4039     0x4047   ROM_4000
.rodata                          212     R     0x4048     0x411B   ROM_4000
.rodata1                          50     R     0x411C     0x414D   ROM_4000
NON_BANKED                       228     R     0x414E     0x4231   ROM_4000
.text                           2928     R     0x4232     0x4DA1   ROM_4000
.copy                              2     R     0x51A3     0x51A4   ROM_4000
.abs_section_0                    48   N/I        0x0       0x2F   .absSeg0
.abs_section_30                    4   N/I       0x30       0x33   .absSeg1
.abs_section_34                   12   N/I       0x34       0x3F   .absSeg2
.abs_section_40                   64   N/I       0x40       0x7F   .absSeg3
.abs_section_80                   32   N/I       0x80       0x9F   .absSeg4
.abs_section_a0                   40   N/I       0xA0       0xC7   .absSeg5
.abs_section_c8                    8   N/I       0xC8       0xCF   .absSeg6
.abs_section_d0                    8   N/I       0xD0       0xD7   .absSeg7
.abs_section_d8                    8   N/I       0xD8       0xDF   .absSeg8
.abs_section_e0                    8   N/I       0xE0       0xE7   .absSeg9
.abs_section_e8                    8   N/I       0xE8       0xEF   .absSeg10
.abs_section_f0                    8   N/I       0xF0       0xF7   .absSeg11
.abs_section_f8                    8   N/I       0xF8       0xFF   .absSeg12
.abs_section_100                  16   N/I      0x100      0x10F   .absSeg13
.abs_section_110                  12   N/I      0x110      0x11B   .absSeg14
.abs_section_120                  32   N/I      0x120      0x13F   .absSeg15
.abs_section_140                  64   N/I      0x140      0x17F   .absSeg16
.abs_section_180                  64   N/I      0x180      0x1BF   .absSeg17
.abs_section_1c0                  64   N/I      0x1C0      0x1FF   .absSeg18
.abs_section_200                  64   N/I      0x200      0x23F   .absSeg19
.abs_section_240                  48   N/I      0x240      0x26F   .absSeg20
.abs_section_280                  64   N/I      0x280      0x2BF   .absSeg21
.bss                              26   R/W     0x1000     0x1019   RAM
RUNTIME                         1025     R     0x4DA2     0x51A2   ROM_4000
.stack                          1024   R/W     0x101A     0x1419   RAM
.vectSeg22_vect                  116     R     0xFF8C     0xFFFF   .vectSeg22

Summary of section sizes per section type:
READ_ONLY (R):        1219 (dec:     4633)
READ_WRITE (R/W):      41A (dec:     1050)
NO_INIT (N/I):         2AC (dec:      684)

*********************************************************************************************
VECTOR-ALLOCATION SECTION
    Address     InitValue   InitFunction
---------------------------------------------------------------------------------------------
     0xFF8C        0x414E   pwm_shutdown_isr
     0xFF8E        0x4152   portp_isr
     0xFF90        0x4156   mscan4_tx_isr
     0xFF92        0x415A   mscan4_rx_isr
     0xFF94        0x415E   mscan4_error_isr
     0xFF96        0x4162   mscan4_wakeup_isr
     0xFF98        0x4166   mscan3_tx_isr
     0xFF9A        0x416A   mscan3_rx_isr
     0xFF9C        0x416E   mscan3_error_isr
     0xFF9E        0x4172   mscan3_wakeup_isr
     0xFFA0        0x4176   mscan2_tx_isr
     0xFFA2        0x417A   mscan2_rx_isr
     0xFFA4        0x417E   mscan2_error_isr
     0xFFA6        0x4182   mscan2_wakeup_isr
     0xFFA8        0x4186   mscan1_tx_isr
     0xFFAA        0x418A   mscan1_rx_isr
     0xFFAC        0x418E   mscan1_error_isr
     0xFFAE        0x4192   mscan1_wakeup_isr
     0xFFB0        0x4196   mscan0_tx_isr
     0xFFB2        0x419A   mscan0_rx_isr
     0xFFB4        0x419E   mscan0_error_isr
     0xFFB6        0x41A2   mscan0_wakeup_isr
     0xFFB8        0x41A6   flash_isr
     0xFFBA        0x41AA   eeprom_isr
     0xFFBC        0x41AE   spi2_isr
     0xFFBE        0x41B2   spi1_isr
     0xFFC0        0x41B6   iic_isr
     0xFFC2        0x41BA   bdlc_isr
     0xFFC4        0x41BE   crg_scm_isr
     0xFFC6        0x41C2   crg_pll_lock_isr
     0xFFC8        0x41C6   pa_b_overflow_isr
     0xFFCA        0x41CA   ect_mdc_isr
     0xFFCC        0x41CE   porth_isr
     0xFFCE        0x41D2   portj_isr
     0xFFD0        0x41D6   atd1_isr
     0xFFD2        0x41DA   atd0_isr
     0xFFD4        0x41DE   sci1_isr
     0xFFD6        0x41E2   sci0_isr
     0xFFD8        0x41E6   spi0_isr
     0xFFDA        0x41EA   pa_a_edge_isr
     0xFFDC        0x41EE   pa_a_overflow_isr
     0xFFDE        0x41F2   ect_overflow_isr
     0xFFE0        0x41F6   ect_ch7_isr
     0xFFE2        0x41FA   ect_ch6_isr
     0xFFE4        0x41FE   ect_ch5_isr
     0xFFE6        0x4202   ect_ch4_isr
     0xFFE8        0x4206   ect_ch3_isr
     0xFFEA        0x420A   ect_ch2_isr
     0xFFEC        0x420E   ect_ch1_isr
     0xFFEE        0x4212   ect_ch0_isr
     0xFFF0        0x4216   rti_isr
     0xFFF2        0x421A   irq_isr
     0xFFF4        0x421E   xirq_isr
     0xFFF6        0x4222   swi_isr
     0xFFF8        0x4226   trap_isr
     0xFFFA        0x422A   cop_isr
     0xFFFC        0x422E   clockmonitor_isr
     0xFFFE        0x4029   _Startup

*********************************************************************************************
OBJECT-ALLOCATION SECTION
     Name               Module                 Addr   hSize   dSize     Ref    Section   RLIB
---------------------------------------------------------------------------------------------
MODULE:                 -- START12.C.o --
- PROCEDURES:
     Init                                      4000      29      41       1   .init       
     _Startup                                  4029      10      16       0   .init       
- VARIABLES:
     _startupData                              4039       B      11       5   .startData  
- LABELS:
     __SEG_END_SSTACK                          141A       0       0       1               
MODULE:                 -- PRINTF.C.o (ansis.lib) --
- PROCEDURES:
     Ten                                       4232      AC     172       3   .text       
     vprintf                                   42DE     924    2340     110   .text       
     _out                                      4C02       C      12      17   .text       
     deposit_char                              4C0E       F      15       1   .text       
     sprintf                                   4C1D      29      41       3   .text       
- VARIABLES:
     pow10                                     4048      28      40       6   .rodata     
     pow16                                     4070      20      32       4   .rodata     
     pow8                                      4090      2C      44       4   .rodata     
     fpow10                                    40BC      30      48       1   .rodata     
     fpow_10                                   40EC      30      48       1   .rodata     
     pbuf                                      1000       6       6      15   .bss        
MODULE:                 -- FADD.C.o (ansis.lib) --
- PROCEDURES:
     F_ADDKL                                   4DA2      67     103       1   RUNTIME     
     _FADD                                     4E09      15      21       3   RUNTIME     
     _FSUB                                     4E1E      13      19       1   RUNTIME     
     _FNEG                                     4E31       B      11       1   RUNTIME     
- VARIABLES:
MODULE:                 -- FANSI.C.o (ansis.lib) --
- PROCEDURES:
     F_FREXP                                   4E3C      1F      31       1   RUNTIME     
     frexpf                                    4E5B      19      25       1   RUNTIME     
- VARIABLES:
MODULE:                 -- FCMP.C.o (ansis.lib) --
- PROCEDURES:
     _FCMP                                     4E74      26      38       2   RUNTIME     
- VARIABLES:
MODULE:                 -- FCONV.C.o (ansis.lib) --
- PROCEDURES:
     F_TOLONGK                                 4E9A      33      51       1   RUNTIME     
     F_FRLONGK                                 4ECD      1F      31       1   RUNTIME     
     _FUFLOAT                                  4EEC      12      18       1   RUNTIME     
     _FSTRUNC                                  4EFE      11      17       1   RUNTIME     
     _FUTRUNC                                  4F0F       3       3       2   RUNTIME     
- VARIABLES:
MODULE:                 -- FMUL.C.o (ansis.lib) --
- PROCEDURES:
     F_MULKL                                   4F12      58      88       1   RUNTIME     
     _FMUL                                     4F6A      14      20       7   RUNTIME     
- VARIABLES:
MODULE:                 -- FREGS.C.o (ansis.lib) --
- PROCEDURES:
     F_PULK                                    4F7E      15      21       3   RUNTIME     
     F_PULL                                    4F93      15      21       3   RUNTIME     
     F_PSHK                                    4FA8      13      19       4   RUNTIME     
     F_TLK                                     4FBB       D      13       1   RUNTIME     
     F_XGKL                                    4FC8      21      33       2   RUNTIME     
     F_CLRK                                    4FE9       B      11       2   RUNTIME     
     F_MAXK                                    4FF4       9       9       1   RUNTIME     
     F_NORMK                                   4FFD      3E      62       3   RUNTIME     
- VARIABLES:
MODULE:                 -- rtshc12.c.o (ansis.lib) --
- PROCEDURES:
     _BDIVMODS                                 503B       B      11       4   RUNTIME     
     _LCMP_P                                   5046      15      21       3   RUNTIME     
     _LNEG                                     505B       D      13       1   RUNTIME     
     _lDivMod                                  5068      BE     190       2   RUNTIME     
     _LDIVU                                    5126       E      14       1   RUNTIME     
     _NEG_P                                    5134       F      15       1   RUNTIME     
     _LMODU                                    5143      11      17       1   RUNTIME     
     _ILSEXT                                   5154       7       7       2   RUNTIME     
     _CASE_DIRECT_BYTE                         515B       5       5       1   RUNTIME     
     _CASE_SEARCH_8                            5160      17      23       1   RUNTIME     
     _CASE_SEARCH_8_BYTE                       5177      1A      26       1   RUNTIME     
- VARIABLES:
MODULE:                 -- VREGS.C.o (ansis.lib) --
- PROCEDURES:
     L_NEGK                                    5191       7       7       1   RUNTIME     
     L_PSHK                                    5198       8       8       1   RUNTIME     
     UL_PULK                                   51A0       3       3       1   RUNTIME     
- VARIABLES:
MODULE:                 -- projectvectors.c.o --
- PROCEDURES:
     software_trap                             4C46       2       2      55   .text       
     pwm_shutdown_isr                          414E       4       4       0   NON_BANKED  
     portp_isr                                 4152       4       4       0   NON_BANKED  
     mscan4_tx_isr                             4156       4       4       0   NON_BANKED  
     mscan4_rx_isr                             415A       4       4       0   NON_BANKED  
     mscan4_error_isr                          415E       4       4       0   NON_BANKED  
     mscan4_wakeup_isr                         4162       4       4       0   NON_BANKED  
     mscan3_tx_isr                             4166       4       4       0   NON_BANKED  
     mscan3_rx_isr                             416A       4       4       0   NON_BANKED  
     mscan3_error_isr                          416E       4       4       0   NON_BANKED  
     mscan3_wakeup_isr                         4172       4       4       0   NON_BANKED  
     mscan2_tx_isr                             4176       4       4       0   NON_BANKED  
     mscan2_rx_isr                             417A       4       4       0   NON_BANKED  
     mscan2_error_isr                          417E       4       4       0   NON_BANKED  
     mscan2_wakeup_isr                         4182       4       4       0   NON_BANKED  
     mscan1_tx_isr                             4186       4       4       0   NON_BANKED  
     mscan1_rx_isr                             418A       4       4       0   NON_BANKED  
     mscan1_error_isr                          418E       4       4       0   NON_BANKED  
     mscan1_wakeup_isr                         4192       4       4       0   NON_BANKED  
     mscan0_tx_isr                             4196       4       4       0   NON_BANKED  
     mscan0_rx_isr                             419A       4       4       0   NON_BANKED  
     mscan0_error_isr                          419E       4       4       0   NON_BANKED  
     mscan0_wakeup_isr                         41A2       4       4       0   NON_BANKED  
     flash_isr                                 41A6       4       4       0   NON_BANKED  
     eeprom_isr                                41AA       4       4       0   NON_BANKED  
     spi2_isr                                  41AE       4       4       0   NON_BANKED  
     spi1_isr                                  41B2       4       4       0   NON_BANKED  
     iic_isr                                   41B6       4       4       0   NON_BANKED  
     bdlc_isr                                  41BA       4       4       0   NON_BANKED  
     crg_scm_isr                               41BE       4       4       0   NON_BANKED  
     crg_pll_lock_isr                          41C2       4       4       0   NON_BANKED  
     pa_b_overflow_isr                         41C6       4       4       0   NON_BANKED  
     ect_mdc_isr                               41CA       4       4       0   NON_BANKED  
     porth_isr                                 41CE       4       4       0   NON_BANKED  
     portj_isr                                 41D2       4       4       0   NON_BANKED  
     atd1_isr                                  41D6       4       4       0   NON_BANKED  
     atd0_isr                                  41DA       4       4       0   NON_BANKED  
     sci1_isr                                  41DE       4       4       0   NON_BANKED  
     sci0_isr                                  41E2       4       4       0   NON_BANKED  
     spi0_isr                                  41E6       4       4       0   NON_BANKED  
     pa_a_edge_isr                             41EA       4       4       0   NON_BANKED  
     pa_a_overflow_isr                         41EE       4       4       0   NON_BANKED  
     ect_overflow_isr                          41F2       4       4       0   NON_BANKED  
     ect_ch7_isr                               41F6       4       4       0   NON_BANKED  
     ect_ch6_isr                               41FA       4       4       0   NON_BANKED  
     ect_ch5_isr                               41FE       4       4       0   NON_BANKED  
     ect_ch4_isr                               4202       4       4       0   NON_BANKED  
     ect_ch3_isr                               4206       4       4       0   NON_BANKED  
     ect_ch2_isr                               420A       4       4       0   NON_BANKED  
     ect_ch1_isr                               420E       4       4       0   NON_BANKED  
     ect_ch0_isr                               4212       4       4       0   NON_BANKED  
     rti_isr                                   4216       4       4       0   NON_BANKED  
     irq_isr                                   421A       4       4       0   NON_BANKED  
     xirq_isr                                  421E       4       4       0   NON_BANKED  
     swi_isr                                   4222       4       4       0   NON_BANKED  
     trap_isr                                  4226       4       4       0   NON_BANKED  
     cop_isr                                   422A       4       4       0   NON_BANKED  
     clockmonitor_isr                          422E       4       4       0   NON_BANKED  
- VARIABLES:
MODULE:                 -- main.c.o --
- PROCEDURES:
     main                                      4C48      2C      44       0   .text       
- VARIABLES:
     STRING.Num1.0.1                           411C       7       7       1   .rodata1    
     STRING.Num2.0.2                           4123       7       7       1   .rodata1    
     STRING.Result...3                         412A       9       9       1   .rodata1    
MODULE:                 -- per_DP256_K79X.c.o --
- PROCEDURES:
- VARIABLES:
     Regs                                         0      30      48       7   .abs_section_0
     Page                                        30       4       4       0   .abs_section_30
     Crg                                         34       C      12       0   .abs_section_34
     Tim0                                        40      40      64       0   .abs_section_40
     Atd0                                        80      20      32       0   .abs_section_80
     Pwm                                         A0      28      40       0   .abs_section_a0
     Sci0                                        C8       8       8       0   .abs_section_c8
     Sci1                                        D0       8       8       0   .abs_section_d0
     Spi0                                        D8       8       8       0   .abs_section_d8
     Iic                                         E0       8       8       0   .abs_section_e0
     Bdlc                                        E8       8       8       0   .abs_section_e8
     Spi1                                        F0       8       8       0   .abs_section_f0
     Spi2                                        F8       8       8       0   .abs_section_f8
     Flash                                      100      10      16       0   .abs_section_100
     Eeprom                                     110       C      12       0   .abs_section_110
     Atd1                                       120      20      32       0   .abs_section_120
     Can0                                       140      40      64       0   .abs_section_140
     Can1                                       180      40      64       0   .abs_section_180
     Can2                                       1C0      40      64       0   .abs_section_1c0
     Can3                                       200      40      64       0   .abs_section_200
     Pim                                        240      30      48       7   .abs_section_240
     Can4                                       280      40      64       0   .abs_section_280
MODULE:                 -- interrupt.c.o --
- PROCEDURES:
     ini_interrupt                             4C74       C      12       1   .text       
     interruptJ_function                       4C80      4F      79       1   .text       
     interruptX_function                       4CCF      1F      31       1   .text       
- VARIABLES:
     STRING.Num1..d.2                          4133       8       8       1   .rodata1    
     STRING.Num2..d.3                          413B       8       8       1   .rodata1    
     STRING.Result...d.4                       4143       B      11       1   .rodata1    
     num1                                      1006       2       2       3   .bss        
     num2                                      1008       2       2       3   .bss        
     str                                       100A      10      16       5   .bss        
MODULE:                 -- lcd.c.o --
- PROCEDURES:
     init_LCD                                  4CEE      18      24       1   .text       
     set_inst_register                         4D06      26      38       5   .text       
     write_data                                4D2C      26      38       1   .text       
     write_string                              4D52      2C      44       5   .text       
     ms_delay                                  4D7E      24      36       2   .text       
- VARIABLES:

*********************************************************************************************
MODULE STATISTIC
  Name                                      Data   Code  Const
---------------------------------------------------------------------------------------------
  START12.C.o                                  0     57      0
  PRINTF.C.o (ansis.lib)                       6   2580    212
  FADD.C.o (ansis.lib)                         0    154      0
  FANSI.C.o (ansis.lib)                        0     56      0
  FCMP.C.o (ansis.lib)                         0     38      0
  FCONV.C.o (ansis.lib)                        0    120      0
  FMUL.C.o (ansis.lib)                         0    108      0
  FREGS.C.o (ansis.lib)                        0    189      0
  rtshc12.c.o (ansis.lib)                      0    342      0
  VREGS.C.o (ansis.lib)                        0     18      0
  projectvectors.c.o                           0    230      0
  main.c.o                                     0     44     23
  per_DP256_K79X.c.o                         684      0      0
  interrupt.c.o                               20    122     27
  lcd.c.o                                      0    180      0
  other                                     1024    131      2

*********************************************************************************************
SECTION USE IN OBJECT-ALLOCATION SECTION
---------------------------------------------------------------------------------------------
SECTION: ".text"
  Ten vprintf _out deposit_char sprintf software_trap main ini_interrupt 
  interruptJ_function interruptX_function init_LCD set_inst_register write_data 
  write_string ms_delay 
SECTION: ".bss"
  pbuf num1 num2 str 
SECTION: ".init"
  Init _Startup 
SECTION: ".rodata"
  pow10 pow16 pow8 fpow10 fpow_10 
SECTION: ".rodata1"
  STRING.Num1.0.1 STRING.Num2.0.2 STRING.Result...3 STRING.Num1..d.2 
  STRING.Num2..d.3 STRING.Result...d.4 
SECTION: "NON_BANKED"
  pwm_shutdown_isr portp_isr mscan4_tx_isr mscan4_rx_isr mscan4_error_isr 
  mscan4_wakeup_isr mscan3_tx_isr mscan3_rx_isr mscan3_error_isr 
  mscan3_wakeup_isr mscan2_tx_isr mscan2_rx_isr mscan2_error_isr 
  mscan2_wakeup_isr mscan1_tx_isr mscan1_rx_isr mscan1_error_isr 
  mscan1_wakeup_isr mscan0_tx_isr mscan0_rx_isr mscan0_error_isr 
  mscan0_wakeup_isr flash_isr eeprom_isr spi2_isr spi1_isr iic_isr bdlc_isr 
  crg_scm_isr crg_pll_lock_isr pa_b_overflow_isr ect_mdc_isr porth_isr 
  portj_isr atd1_isr atd0_isr sci1_isr sci0_isr spi0_isr pa_a_edge_isr 
  pa_a_overflow_isr ect_overflow_isr ect_ch7_isr ect_ch6_isr ect_ch5_isr 
  ect_ch4_isr ect_ch3_isr ect_ch2_isr ect_ch1_isr ect_ch0_isr rti_isr irq_isr 
  xirq_isr swi_isr trap_isr cop_isr clockmonitor_isr 
SECTION: "RUNTIME"
  F_ADDKL _FADD _FSUB _FNEG F_FREXP frexpf _FCMP F_TOLONGK F_FRLONGK _FUFLOAT 
  _FSTRUNC _FUTRUNC F_MULKL _FMUL F_PULK F_PULL F_PSHK F_TLK F_XGKL F_CLRK 
  F_MAXK F_NORMK _BDIVMODS _LCMP_P _LNEG _lDivMod _LDIVU _NEG_P _LMODU _ILSEXT 
  _CASE_DIRECT_BYTE _CASE_SEARCH_8 _CASE_SEARCH_8_BYTE L_NEGK L_PSHK UL_PULK 
SECTION: ".abs_section_0"
  Regs 
SECTION: ".abs_section_30"
  Page 
SECTION: ".abs_section_34"
  Crg 
SECTION: ".abs_section_40"
  Tim0 
SECTION: ".abs_section_80"
  Atd0 
SECTION: ".abs_section_a0"
  Pwm 
SECTION: ".abs_section_c8"
  Sci0 
SECTION: ".abs_section_d0"
  Sci1 
SECTION: ".abs_section_d8"
  Spi0 
SECTION: ".abs_section_e0"
  Iic 
SECTION: ".abs_section_e8"
  Bdlc 
SECTION: ".abs_section_f0"
  Spi1 
SECTION: ".abs_section_f8"
  Spi2 
SECTION: ".abs_section_100"
  Flash 
SECTION: ".abs_section_110"
  Eeprom 
SECTION: ".abs_section_120"
  Atd1 
SECTION: ".abs_section_140"
  Can0 
SECTION: ".abs_section_180"
  Can1 
SECTION: ".abs_section_1c0"
  Can2 
SECTION: ".abs_section_200"
  Can3 
SECTION: ".abs_section_240"
  Pim 
SECTION: ".abs_section_280"
  Can4 

*********************************************************************************************
OBJECT LIST SORTED BY ADDRESS
     Name                                      Addr   hSize   dSize     Ref    Section   RLIB
---------------------------------------------------------------------------------------------
     Regs                                         0      30      48       7   .abs_section_0
     Page                                        30       4       4       0   .abs_section_30
     Crg                                         34       C      12       0   .abs_section_34
     Tim0                                        40      40      64       0   .abs_section_40
     Atd0                                        80      20      32       0   .abs_section_80
     Pwm                                         A0      28      40       0   .abs_section_a0
     Sci0                                        C8       8       8       0   .abs_section_c8
     Sci1                                        D0       8       8       0   .abs_section_d0
     Spi0                                        D8       8       8       0   .abs_section_d8
     Iic                                         E0       8       8       0   .abs_section_e0
     Bdlc                                        E8       8       8       0   .abs_section_e8
     Spi1                                        F0       8       8       0   .abs_section_f0
     Spi2                                        F8       8       8       0   .abs_section_f8
     Flash                                      100      10      16       0   .abs_section_100
     Eeprom                                     110       C      12       0   .abs_section_110
     Atd1                                       120      20      32       0   .abs_section_120
     Can0                                       140      40      64       0   .abs_section_140
     Can1                                       180      40      64       0   .abs_section_180
     Can2                                       1C0      40      64       0   .abs_section_1c0
     Can3                                       200      40      64       0   .abs_section_200
     Pim                                        240      30      48       7   .abs_section_240
     Can4                                       280      40      64       0   .abs_section_280
     pbuf                                      1000       6       6      15   .bss        
     num1                                      1006       2       2       3   .bss        
     num2                                      1008       2       2       3   .bss        
     str                                       100A      10      16       5   .bss        
     Init                                      4000      29      41       1   .init       
     _Startup                                  4029      10      16       0   .init       
     pow10                                     4048      28      40       6   .rodata     
     pow16                                     4070      20      32       4   .rodata     
     pow8                                      4090      2C      44       4   .rodata     
     fpow10                                    40BC      30      48       1   .rodata     
     fpow_10                                   40EC      30      48       1   .rodata     
     STRING.Num1.0.1                           411C       7       7       1   .rodata1    
     STRING.Num2.0.2                           4123       7       7       1   .rodata1    
     STRING.Result...3                         412A       9       9       1   .rodata1    
     STRING.Num1..d.2                          4133       8       8       1   .rodata1    
     STRING.Num2..d.3                          413B       8       8       1   .rodata1    
     STRING.Result...d.4                       4143       B      11       1   .rodata1    
     pwm_shutdown_isr                          414E       4       4       0   NON_BANKED  
     portp_isr                                 4152       4       4       0   NON_BANKED  
     mscan4_tx_isr                             4156       4       4       0   NON_BANKED  
     mscan4_rx_isr                             415A       4       4       0   NON_BANKED  
     mscan4_error_isr                          415E       4       4       0   NON_BANKED  
     mscan4_wakeup_isr                         4162       4       4       0   NON_BANKED  
     mscan3_tx_isr                             4166       4       4       0   NON_BANKED  
     mscan3_rx_isr                             416A       4       4       0   NON_BANKED  
     mscan3_error_isr                          416E       4       4       0   NON_BANKED  
     mscan3_wakeup_isr                         4172       4       4       0   NON_BANKED  
     mscan2_tx_isr                             4176       4       4       0   NON_BANKED  
     mscan2_rx_isr                             417A       4       4       0   NON_BANKED  
     mscan2_error_isr                          417E       4       4       0   NON_BANKED  
     mscan2_wakeup_isr                         4182       4       4       0   NON_BANKED  
     mscan1_tx_isr                             4186       4       4       0   NON_BANKED  
     mscan1_rx_isr                             418A       4       4       0   NON_BANKED  
     mscan1_error_isr                          418E       4       4       0   NON_BANKED  
     mscan1_wakeup_isr                         4192       4       4       0   NON_BANKED  
     mscan0_tx_isr                             4196       4       4       0   NON_BANKED  
     mscan0_rx_isr                             419A       4       4       0   NON_BANKED  
     mscan0_error_isr                          419E       4       4       0   NON_BANKED  
     mscan0_wakeup_isr                         41A2       4       4       0   NON_BANKED  
     flash_isr                                 41A6       4       4       0   NON_BANKED  
     eeprom_isr                                41AA       4       4       0   NON_BANKED  
     spi2_isr                                  41AE       4       4       0   NON_BANKED  
     spi1_isr                                  41B2       4       4       0   NON_BANKED  
     iic_isr                                   41B6       4       4       0   NON_BANKED  
     bdlc_isr                                  41BA       4       4       0   NON_BANKED  
     crg_scm_isr                               41BE       4       4       0   NON_BANKED  
     crg_pll_lock_isr                          41C2       4       4       0   NON_BANKED  
     pa_b_overflow_isr                         41C6       4       4       0   NON_BANKED  
     ect_mdc_isr                               41CA       4       4       0   NON_BANKED  
     porth_isr                                 41CE       4       4       0   NON_BANKED  
     portj_isr                                 41D2       4       4       0   NON_BANKED  
     atd1_isr                                  41D6       4       4       0   NON_BANKED  
     atd0_isr                                  41DA       4       4       0   NON_BANKED  
     sci1_isr                                  41DE       4       4       0   NON_BANKED  
     sci0_isr                                  41E2       4       4       0   NON_BANKED  
     spi0_isr                                  41E6       4       4       0   NON_BANKED  
     pa_a_edge_isr                             41EA       4       4       0   NON_BANKED  
     pa_a_overflow_isr                         41EE       4       4       0   NON_BANKED  
     ect_overflow_isr                          41F2       4       4       0   NON_BANKED  
     ect_ch7_isr                               41F6       4       4       0   NON_BANKED  
     ect_ch6_isr                               41FA       4       4       0   NON_BANKED  
     ect_ch5_isr                               41FE       4       4       0   NON_BANKED  
     ect_ch4_isr                               4202       4       4       0   NON_BANKED  
     ect_ch3_isr                               4206       4       4       0   NON_BANKED  
     ect_ch2_isr                               420A       4       4       0   NON_BANKED  
     ect_ch1_isr                               420E       4       4       0   NON_BANKED  
     ect_ch0_isr                               4212       4       4       0   NON_BANKED  
     rti_isr                                   4216       4       4       0   NON_BANKED  
     irq_isr                                   421A       4       4       0   NON_BANKED  
     xirq_isr                                  421E       4       4       0   NON_BANKED  
     swi_isr                                   4222       4       4       0   NON_BANKED  
     trap_isr                                  4226       4       4       0   NON_BANKED  
     cop_isr                                   422A       4       4       0   NON_BANKED  
     clockmonitor_isr                          422E       4       4       0   NON_BANKED  
     Ten                                       4232      AC     172       3   .text       
     vprintf                                   42DE     924    2340     110   .text       
     _out                                      4C02       C      12      17   .text       
     deposit_char                              4C0E       F      15       1   .text       
     sprintf                                   4C1D      29      41       3   .text       
     software_trap                             4C46       2       2      55   .text       
     main                                      4C48      2C      44       0   .text       
     ini_interrupt                             4C74       C      12       1   .text       
     interruptJ_function                       4C80      4F      79       1   .text       
     interruptX_function                       4CCF      1F      31       1   .text       
     init_LCD                                  4CEE      18      24       1   .text       
     set_inst_register                         4D06      26      38       5   .text       
     write_data                                4D2C      26      38       1   .text       
     write_string                              4D52      2C      44       5   .text       
     ms_delay                                  4D7E      24      36       2   .text       
     F_ADDKL                                   4DA2      67     103       1   RUNTIME     
     _FADD                                     4E09      15      21       3   RUNTIME     
     _FSUB                                     4E1E      13      19       1   RUNTIME     
     _FNEG                                     4E31       B      11       1   RUNTIME     
     F_FREXP                                   4E3C      1F      31       1   RUNTIME     
     frexpf                                    4E5B      19      25       1   RUNTIME     
     _FCMP                                     4E74      26      38       2   RUNTIME     
     F_TOLONGK                                 4E9A      33      51       1   RUNTIME     
     F_FRLONGK                                 4ECD      1F      31       1   RUNTIME     
     _FUFLOAT                                  4EEC      12      18       1   RUNTIME     
     _FSTRUNC                                  4EFE      11      17       1   RUNTIME     
     _FUTRUNC                                  4F0F       3       3       2   RUNTIME     
     F_MULKL                                   4F12      58      88       1   RUNTIME     
     _FMUL                                     4F6A      14      20       7   RUNTIME     
     F_PULK                                    4F7E      15      21       3   RUNTIME     
     F_PULL                                    4F93      15      21       3   RUNTIME     
     F_PSHK                                    4FA8      13      19       4   RUNTIME     
     F_TLK                                     4FBB       D      13       1   RUNTIME     
     F_XGKL                                    4FC8      21      33       2   RUNTIME     
     F_CLRK                                    4FE9       B      11       2   RUNTIME     
     F_MAXK                                    4FF4       9       9       1   RUNTIME     
     F_NORMK                                   4FFD      3E      62       3   RUNTIME     
     _BDIVMODS                                 503B       B      11       4   RUNTIME     
     _LCMP_P                                   5046      15      21       3   RUNTIME     
     _LNEG                                     505B       D      13       1   RUNTIME     
     _lDivMod                                  5068      BE     190       2   RUNTIME     
     _LDIVU                                    5126       E      14       1   RUNTIME     
     _NEG_P                                    5134       F      15       1   RUNTIME     
     _LMODU                                    5143      11      17       1   RUNTIME     
     _ILSEXT                                   5154       7       7       2   RUNTIME     
     _CASE_DIRECT_BYTE                         515B       5       5       1   RUNTIME     
     _CASE_SEARCH_8                            5160      17      23       1   RUNTIME     
     _CASE_SEARCH_8_BYTE                       5177      1A      26       1   RUNTIME     
     L_NEGK                                    5191       7       7       1   RUNTIME     
     L_PSHK                                    5198       8       8       1   RUNTIME     
     UL_PULK                                   51A0       3       3       1   RUNTIME     

*********************************************************************************************
UNUSED-OBJECTS SECTION
---------------------------------------------------------------------------------------------
NOT USED PROCEDURES
PRINTF.C.o (ansis.lib):
  set_printf vsprintf snprintf vsnprintf 
FADD.C.o (ansis.lib):
  _FINC _FDEC _FABS 
FANSI.C.o (ansis.lib):
  F_MODF F_LDEXP modff RetErrDom ldexpf 
FCONV.C.o (ansis.lib):
  _FSFLOAT 
FMUL.C.o (ansis.lib):
  F_DIVKL _FDIV 
FREGS.C.o (ansis.lib):
  F_STAL F_TKL F_CLRL 
rtshc12.c.o (ansis.lib):
  _BSHL _BSHRS _BSHRU _BDIVMODU _ISHL _ISHRU _ISHRS _LSHL _LSHRU _LSHRS _LADD 
  _LSUB _LAND _LOR _LXOR _LCMP _LCMP_PP _LCOM _LINC _LDEC _LMUL _LMULU16x32 
  _LMULS16x32 _LDIVS _LMODS _COPY _CASE_DIRECT _CASE_CHECKED _CASE_CHECKED_BYTE 
  _CASE_SEARCH _CASE_SEARCH_BYTE _FCALL _FPCMP 
VREGS.C.o (ansis.lib):
  SL_PULK 
projectvectors.c.o:
  unused_isr 
NOT USED VARIABLES
FANSI.C.o (ansis.lib):
  infinity errno 
rtshc12.c.o (ansis.lib):
  _PowOfTwo_8 _PowOfTwo_16 _PowOfTwo_32 errno 
interrupt.c.o:
  product 

*********************************************************************************************
COPYDOWN SECTION
---------------------------------------------------------------------------------------------
------- ROM-ADDRESS: 0x51A3 ---- SIZE       2 ---
Filling bytes inserted
 0000

*********************************************************************************************
OBJECT-DEPENDENCIES SECTION
---------------------------------------------------------------------------------------------
Init                      USES _startupData 
_Startup                  USES _startupData __SEG_END_SSTACK Init 
pwm_shutdown_isr          USES software_trap 
portp_isr                 USES software_trap 
mscan4_tx_isr             USES software_trap 
mscan4_rx_isr             USES software_trap 
mscan4_error_isr          USES software_trap 
mscan4_wakeup_isr         USES software_trap 
mscan3_tx_isr             USES software_trap 
mscan3_rx_isr             USES software_trap 
mscan3_error_isr          USES software_trap 
mscan3_wakeup_isr         USES software_trap 
mscan2_tx_isr             USES software_trap 
mscan2_rx_isr             USES software_trap 
mscan2_error_isr          USES software_trap 
mscan2_wakeup_isr         USES software_trap 
mscan1_tx_isr             USES software_trap 
mscan1_rx_isr             USES software_trap 
mscan1_error_isr          USES software_trap 
mscan1_wakeup_isr         USES software_trap 
mscan0_tx_isr             USES software_trap 
mscan0_rx_isr             USES software_trap 
mscan0_error_isr          USES software_trap 
mscan0_wakeup_isr         USES software_trap 
flash_isr                 USES software_trap 
eeprom_isr                USES software_trap 
spi2_isr                  USES software_trap 
spi1_isr                  USES software_trap 
iic_isr                   USES software_trap 
bdlc_isr                  USES software_trap 
crg_scm_isr               USES software_trap 
crg_pll_lock_isr          USES software_trap 
pa_b_overflow_isr         USES software_trap 
ect_mdc_isr               USES software_trap 
porth_isr                 USES software_trap 
portj_isr                 USES interruptJ_function 
atd1_isr                  USES software_trap 
atd0_isr                  USES software_trap 
sci1_isr                  USES software_trap 
sci0_isr                  USES software_trap 
spi0_isr                  USES software_trap 
pa_a_edge_isr             USES software_trap 
pa_a_overflow_isr         USES software_trap 
ect_overflow_isr          USES software_trap 
ect_ch7_isr               USES software_trap 
ect_ch6_isr               USES software_trap 
ect_ch5_isr               USES software_trap 
ect_ch4_isr               USES software_trap 
ect_ch3_isr               USES software_trap 
ect_ch2_isr               USES software_trap 
ect_ch1_isr               USES software_trap 
ect_ch0_isr               USES software_trap 
rti_isr                   USES software_trap 
irq_isr                   USES software_trap 
xirq_isr                  USES interruptX_function 
swi_isr                   USES software_trap 
trap_isr                  USES software_trap 
cop_isr                   USES software_trap 
clockmonitor_isr          USES software_trap 
Ten                       USES fpow10 fpow_10 Ten _FMUL 
vprintf                   USES vprintf _out _CASE_SEARCH_8_BYTE 
                                _CASE_DIRECT_BYTE _CASE_SEARCH_8 pbuf _ILSEXT _LNEG pow8 _LCMP_P 
                                pow16 pow10 _FNEG frexpf _FMUL _FADD _BDIVMODS Ten 
                                _FUTRUNC _FUFLOAT _FSUB _LDIVU _FCMP _LMODU 
_out                      USES pbuf 
deposit_char              USES pbuf 
sprintf                   USES pbuf deposit_char vprintf 
main                      USES init_LCD ini_interrupt STRING.Num1.0.1 
                                write_string STRING.Num2.0.2 STRING.Result...3 
ini_interrupt             USES Pim 
interruptJ_function       USES Pim num1 STRING.Num1..d.2 str sprintf num2 
                                STRING.Num2..d.3 write_string 
interruptX_function       USES num1 num2 STRING.Result...d.4 str sprintf 
                                write_string 
init_LCD                  USES Regs set_inst_register 
set_inst_register         USES ms_delay Regs 
write_data                USES ms_delay Regs 
write_string              USES set_inst_register write_data 
F_ADDKL                   USES F_XGKL F_NORMK 
_FADD                     USES F_PULK F_PULL F_ADDKL F_PSHK 
_FSUB                     USES _FADD 
F_FREXP                   USES F_NORMK 
frexpf                    USES F_PULL F_TLK F_FREXP F_PSHK 
_FUFLOAT                  USES UL_PULK F_FRLONGK F_PSHK 
_FSTRUNC                  USES F_PULK F_TOLONGK L_PSHK 
_FUTRUNC                  USES _FSTRUNC 
F_MULKL                   USES F_CLRK F_NORMK 
_FMUL                     USES F_PULK F_PULL F_MULKL F_PSHK 
F_MAXK                    USES F_CLRK 
F_NORMK                   USES F_MAXK 
_LDIVU                    USES _lDivMod 
_LMODU                    USES _lDivMod 
L_NEGK                    USES _NEG_P 
L_PSHK                    USES L_NEGK 

*********************************************************************************************
DEPENDENCY TREE
*********************************************************************************************
 main and _Startup Group
 | 
 +- main                
 |  | 
 |  +- init_LCD            
 |  |  | 
 |  |  +- set_inst_register   
 |  |     | 
 |  |     +- ms_delay            
 |  |          
 |  +- ini_interrupt       
 |  |    
 |  +- write_string        
 |     | 
 |     +- set_inst_register    (see above)
 |     |  
 |     +- write_data          
 |        | 
 |        +- ms_delay             (see above)
 |           
 +- _Startup            
    | 
    +- Init                
         
 clockmonitor_isr    
 | 
 +- software_trap       
      
 cop_isr             
 | 
 +- software_trap        (see above)
    
 trap_isr            
 | 
 +- software_trap        (see above)
    
 swi_isr             
 | 
 +- software_trap        (see above)
    
 xirq_isr            
 | 
 +- interruptX_function 
    | 
    +- sprintf             
    |  | 
    |  +- deposit_char        
    |  |    
    |  +- vprintf             
    |     | 
    |     +- _out                
    |     |    
    |     +- _CASE_SEARCH_8_BYTE 
    |     |    
    |     +- _CASE_DIRECT_BYTE   
    |     |    
    |     +- _CASE_SEARCH_8      
    |     |    
    |     +- _ILSEXT             
    |     |    
    |     +- _LNEG               
    |     |    
    |     +- _LCMP_P             
    |     |    
    |     +- _FNEG               
    |     |    
    |     +- frexpf              
    |     |  | 
    |     |  +- F_PULL              
    |     |  |    
    |     |  +- F_TLK               
    |     |  |    
    |     |  +- F_FREXP             
    |     |  |  | 
    |     |  |  +- F_NORMK             
    |     |  |     | 
    |     |  |     +- F_MAXK              
    |     |  |        | 
    |     |  |        +- F_CLRK              
    |     |  |             
    |     |  +- F_PSHK              
    |     |       
    |     +- _FMUL               
    |     |  | 
    |     |  +- F_PULK              
    |     |  |    
    |     |  +- F_PULL               (see above)
    |     |  |  
    |     |  +- F_MULKL             
    |     |  |  | 
    |     |  |  +- F_CLRK               (see above)
    |     |  |  |  
    |     |  |  +- F_NORMK              (see above)
    |     |  |     
    |     |  +- F_PSHK               (see above)
    |     |     
    |     +- _FADD               
    |     |  | 
    |     |  +- F_PULK               (see above)
    |     |  |  
    |     |  +- F_PULL               (see above)
    |     |  |  
    |     |  +- F_ADDKL             
    |     |  |  | 
    |     |  |  +- F_XGKL              
    |     |  |  |    
    |     |  |  +- F_NORMK              (see above)
    |     |  |     
    |     |  +- F_PSHK               (see above)
    |     |     
    |     +- _BDIVMODS           
    |     |    
    |     +- Ten                 
    |     |  | 
    |     |  +- _FMUL                (see above)
    |     |     
    |     +- _FUTRUNC            
    |     |  | 
    |     |  +- _FSTRUNC            
    |     |     | 
    |     |     +- F_PULK               (see above)
    |     |     |  
    |     |     +- F_TOLONGK           
    |     |     |    
    |     |     +- L_PSHK              
    |     |        | 
    |     |        +- L_NEGK              
    |     |           | 
    |     |           +- _NEG_P              
    |     |                
    |     +- _FUFLOAT            
    |     |  | 
    |     |  +- UL_PULK             
    |     |  |    
    |     |  +- F_FRLONGK           
    |     |  |    
    |     |  +- F_PSHK               (see above)
    |     |     
    |     +- _FSUB               
    |     |  | 
    |     |  +- _FADD                (see above)
    |     |     
    |     +- _LDIVU              
    |     |  | 
    |     |  +- _lDivMod            
    |     |       
    |     +- _FCMP               
    |     |    
    |     +- _LMODU              
    |        | 
    |        +- _lDivMod             (see above)
    |           
    +- write_string         (see above)
       
 irq_isr             
 | 
 +- software_trap        (see above)
    
 rti_isr             
 | 
 +- software_trap        (see above)
    
 ect_ch0_isr         
 | 
 +- software_trap        (see above)
    
 ect_ch1_isr         
 | 
 +- software_trap        (see above)
    
 ect_ch2_isr         
 | 
 +- software_trap        (see above)
    
 ect_ch3_isr         
 | 
 +- software_trap        (see above)
    
 ect_ch4_isr         
 | 
 +- software_trap        (see above)
    
 ect_ch5_isr         
 | 
 +- software_trap        (see above)
    
 ect_ch6_isr         
 | 
 +- software_trap        (see above)
    
 ect_ch7_isr         
 | 
 +- software_trap        (see above)
    
 ect_overflow_isr    
 | 
 +- software_trap        (see above)
    
 pa_a_overflow_isr   
 | 
 +- software_trap        (see above)
    
 pa_a_edge_isr       
 | 
 +- software_trap        (see above)
    
 spi0_isr            
 | 
 +- software_trap        (see above)
    
 sci0_isr            
 | 
 +- software_trap        (see above)
    
 sci1_isr            
 | 
 +- software_trap        (see above)
    
 atd0_isr            
 | 
 +- software_trap        (see above)
    
 atd1_isr            
 | 
 +- software_trap        (see above)
    
 portj_isr           
 | 
 +- interruptJ_function 
    | 
    +- sprintf              (see above)
    |  
    +- write_string         (see above)
       
 porth_isr           
 | 
 +- software_trap        (see above)
    
 ect_mdc_isr         
 | 
 +- software_trap        (see above)
    
 pa_b_overflow_isr   
 | 
 +- software_trap        (see above)
    
 crg_pll_lock_isr    
 | 
 +- software_trap        (see above)
    
 crg_scm_isr         
 | 
 +- software_trap        (see above)
    
 bdlc_isr            
 | 
 +- software_trap        (see above)
    
 iic_isr             
 | 
 +- software_trap        (see above)
    
 spi1_isr            
 | 
 +- software_trap        (see above)
    
 spi2_isr            
 | 
 +- software_trap        (see above)
    
 eeprom_isr          
 | 
 +- software_trap        (see above)
    
 flash_isr           
 | 
 +- software_trap        (see above)
    
 mscan0_wakeup_isr   
 | 
 +- software_trap        (see above)
    
 mscan0_error_isr    
 | 
 +- software_trap        (see above)
    
 mscan0_rx_isr       
 | 
 +- software_trap        (see above)
    
 mscan0_tx_isr       
 | 
 +- software_trap        (see above)
    
 mscan1_wakeup_isr   
 | 
 +- software_trap        (see above)
    
 mscan1_error_isr    
 | 
 +- software_trap        (see above)
    
 mscan1_rx_isr       
 | 
 +- software_trap        (see above)
    
 mscan1_tx_isr       
 | 
 +- software_trap        (see above)
    
 mscan2_wakeup_isr   
 | 
 +- software_trap        (see above)
    
 mscan2_error_isr    
 | 
 +- software_trap        (see above)
    
 mscan2_rx_isr       
 | 
 +- software_trap        (see above)
    
 mscan2_tx_isr       
 | 
 +- software_trap        (see above)
    
 mscan3_wakeup_isr   
 | 
 +- software_trap        (see above)
    
 mscan3_error_isr    
 | 
 +- software_trap        (see above)
    
 mscan3_rx_isr       
 | 
 +- software_trap        (see above)
    
 mscan3_tx_isr       
 | 
 +- software_trap        (see above)
    
 mscan4_wakeup_isr   
 | 
 +- software_trap        (see above)
    
 mscan4_error_isr    
 | 
 +- software_trap        (see above)
    
 mscan4_rx_isr       
 | 
 +- software_trap        (see above)
    
 mscan4_tx_isr       
 | 
 +- software_trap        (see above)
    
 portp_isr           
 | 
 +- software_trap        (see above)
    
 pwm_shutdown_isr    
 | 
 +- software_trap        (see above)
    
*********************************************************************************************
STATISTIC SECTION
---------------------------------------------------------------------------------------------

ExeFile:
--------
Number of blocks to be downloaded: 6
Total size of all blocks to be downloaded: 4633

