*** EVALUATION ***
PROGRAM "C:\Users\Hyun\OneDrive - skku.edu\¹ÝµµÃ¼\2021 4-1\codeworrier\midterm_project\project\bin\Flash_Application.abs"

*********************************************************************************************
TARGET SECTION
---------------------------------------------------------------------------------------------
Processor   : Freescale HC12
Memory Model: SMALL
File Format : ELF\DWARF 2.0
Linker      : SmartLinker V-5.0.52 Build 15249, Sep  7 2015

*********************************************************************************************
FILE SECTION
---------------------------------------------------------------------------------------------
START12.C.o                             Model: SMALL,         Lang: ANSI-C,        Compiler Version: ANSI-C/cC++ Compiler for HC12 V-5.0.46 Build 15249, Sep  7 2015
PRINTF.C.o (ansis.lib)                  Model: SMALL,         Lang: ANSI-C,        Compiler Version: ANSI-C/cC++ Compiler for HC12 V-5.0.46 Build 15249, Sep  7 2015
STRING.C.o (ansis.lib)                  Model: SMALL,         Lang: ANSI-C,        Compiler Version: ANSI-C/cC++ Compiler for HC12 V-5.0.46 Build 15249, Sep  7 2015
FADD.C.o (ansis.lib)                    Model: SMALL,         Lang: ANSI-C,        Compiler Version: ANSI-C/cC++ Compiler for HC12 V-5.0.46 Build 15249, Sep  7 2015
FANSI.C.o (ansis.lib)                   Model: SMALL,         Lang: ANSI-C,        Compiler Version: ANSI-C/cC++ Compiler for HC12 V-5.0.46 Build 15249, Sep  7 2015
FCMP.C.o (ansis.lib)                    Model: SMALL,         Lang: ANSI-C,        Compiler Version: ANSI-C/cC++ Compiler for HC12 V-5.0.46 Build 15249, Sep  7 2015
FCONV.C.o (ansis.lib)                   Model: SMALL,         Lang: ANSI-C,        Compiler Version: ANSI-C/cC++ Compiler for HC12 V-5.0.46 Build 15249, Sep  7 2015
FMUL.C.o (ansis.lib)                    Model: SMALL,         Lang: ANSI-C,        Compiler Version: ANSI-C/cC++ Compiler for HC12 V-5.0.46 Build 15249, Sep  7 2015
FREGS.C.o (ansis.lib)                   Model: SMALL,         Lang: ANSI-C,        Compiler Version: ANSI-C/cC++ Compiler for HC12 V-5.0.46 Build 15249, Sep  7 2015
rtshc12.c.o (ansis.lib)                 Model: SMALL,         Lang: ANSI-C,        Compiler Version: ANSI-C/cC++ Compiler for HC12 V-5.0.46 Build 15249, Sep  7 2015
VREGS.C.o (ansis.lib)                   Model: SMALL,         Lang: ANSI-C,        Compiler Version: ANSI-C/cC++ Compiler for HC12 V-5.0.46 Build 15249, Sep  7 2015
projectvectors.c.o                      Model: SMALL,         Lang: ANSI-C,        Compiler Version: ANSI-C/cC++ Compiler for HC12 V-5.0.46 Build 15249, Sep  7 2015
main.c.o                                Model: SMALL,         Lang: ANSI-C,        Compiler Version: ANSI-C/cC++ Compiler for HC12 V-5.0.46 Build 15249, Sep  7 2015
per_DP256_K79X.c.o                      Model: SMALL,         Lang: ANSI-C,        Compiler Version: ANSI-C/cC++ Compiler for HC12 V-5.0.46 Build 15249, Sep  7 2015
atd.c.o                                 Model: SMALL,         Lang: ANSI-C,        Compiler Version: ANSI-C/cC++ Compiler for HC12 V-5.0.46 Build 15249, Sep  7 2015
7segment.c.o                            Model: SMALL,         Lang: ANSI-C,        Compiler Version: ANSI-C/cC++ Compiler for HC12 V-5.0.46 Build 15249, Sep  7 2015
interrupt.c.o                           Model: SMALL,         Lang: ANSI-C,        Compiler Version: ANSI-C/cC++ Compiler for HC12 V-5.0.46 Build 15249, Sep  7 2015
lcd.c.o                                 Model: SMALL,         Lang: ANSI-C,        Compiler Version: ANSI-C/cC++ Compiler for HC12 V-5.0.46 Build 15249, Sep  7 2015
sci.c.o                                 Model: SMALL,         Lang: ANSI-C,        Compiler Version: ANSI-C/cC++ Compiler for HC12 V-5.0.46 Build 15249, Sep  7 2015
led.c.o                                 Model: SMALL,         Lang: ANSI-C,        Compiler Version: ANSI-C/cC++ Compiler for HC12 V-5.0.46 Build 15249, Sep  7 2015

*********************************************************************************************
STARTUP SECTION
---------------------------------------------------------------------------------------------
Entry point: 0x4029 (_Startup)
_startupData is allocated at 0x4039 and uses 11 Bytes
extern struct _tagStartup {
  unsigned flags          0
  _PFunc   main           0x4CC0    (main)
  long     stackOffset    0x1463
  unsigned nofZeroOut     1
  _Range   pZeroOut       0x1000     100
  _Copy    *toCopyDownBeg 0x5728
} _startupData;

*********************************************************************************************
SECTION-ALLOCATION SECTION
Section Name                    Size  Type     From       To       Segment
---------------------------------------------------------------------------------------------
.init                             57     R     0x4000     0x4038   ROM_4000
.startData                        15     R     0x4039     0x4047   ROM_4000
.rodata                          212     R     0x4048     0x411B   ROM_4000
.rodata1                         146     R     0x411C     0x41AD   ROM_4000
NON_BANKED                       228     R     0x41AE     0x4291   ROM_4000
.text                           4206     R     0x4292     0x52FF   ROM_4000
.copy                             17     R     0x5728     0x5738   ROM_4000
.data                             12   R/W     0x1000     0x100B   RAM
.abs_section_0                    48   N/I        0x0       0x2F   .absSeg0
.abs_section_30                    4   N/I       0x30       0x33   .absSeg1
.abs_section_34                   12   N/I       0x34       0x3F   .absSeg2
.abs_section_40                   64   N/I       0x40       0x7F   .absSeg3
.abs_section_80                   32   N/I       0x80       0x9F   .absSeg4
.abs_section_a0                   40   N/I       0xA0       0xC7   .absSeg5
.abs_section_c8                    8   N/I       0xC8       0xCF   .absSeg6
.abs_section_d0                    8   N/I       0xD0       0xD7   .absSeg7
.abs_section_d8                    8   N/I       0xD8       0xDF   .absSeg8
.abs_section_e0                    8   N/I       0xE0       0xE7   .absSeg9
.abs_section_e8                    8   N/I       0xE8       0xEF   .absSeg10
.abs_section_f0                    8   N/I       0xF0       0xF7   .absSeg11
.abs_section_f8                    8   N/I       0xF8       0xFF   .absSeg12
.abs_section_100                  16   N/I      0x100      0x10F   .absSeg13
.abs_section_110                  12   N/I      0x110      0x11B   .absSeg14
.abs_section_120                  32   N/I      0x120      0x13F   .absSeg15
.abs_section_140                  64   N/I      0x140      0x17F   .absSeg16
.abs_section_180                  64   N/I      0x180      0x1BF   .absSeg17
.abs_section_1c0                  64   N/I      0x1C0      0x1FF   .absSeg18
.abs_section_200                  64   N/I      0x200      0x23F   .absSeg19
.abs_section_240                  48   N/I      0x240      0x26F   .absSeg20
.abs_section_280                  64   N/I      0x280      0x2BF   .absSeg21
.bss                              20   R/W     0x100C     0x101F   RAM
.common                           68   R/W     0x1020     0x1063   RAM
RUNTIME                         1064     R     0x5300     0x5727   ROM_4000
.stack                          1024   R/W     0x1064     0x1463   RAM
.vectSeg22_vect                  116     R     0xFF8C     0xFFFF   .vectSeg22

Summary of section sizes per section type:
READ_ONLY (R):        17AD (dec:     6061)
READ_WRITE (R/W):      464 (dec:     1124)
NO_INIT (N/I):         2AC (dec:      684)

*********************************************************************************************
VECTOR-ALLOCATION SECTION
    Address     InitValue   InitFunction
---------------------------------------------------------------------------------------------
     0xFF8C        0x41AE   pwm_shutdown_isr
     0xFF8E        0x41B2   portp_isr
     0xFF90        0x41B6   mscan4_tx_isr
     0xFF92        0x41BA   mscan4_rx_isr
     0xFF94        0x41BE   mscan4_error_isr
     0xFF96        0x41C2   mscan4_wakeup_isr
     0xFF98        0x41C6   mscan3_tx_isr
     0xFF9A        0x41CA   mscan3_rx_isr
     0xFF9C        0x41CE   mscan3_error_isr
     0xFF9E        0x41D2   mscan3_wakeup_isr
     0xFFA0        0x41D6   mscan2_tx_isr
     0xFFA2        0x41DA   mscan2_rx_isr
     0xFFA4        0x41DE   mscan2_error_isr
     0xFFA6        0x41E2   mscan2_wakeup_isr
     0xFFA8        0x41E6   mscan1_tx_isr
     0xFFAA        0x41EA   mscan1_rx_isr
     0xFFAC        0x41EE   mscan1_error_isr
     0xFFAE        0x41F2   mscan1_wakeup_isr
     0xFFB0        0x41F6   mscan0_tx_isr
     0xFFB2        0x41FA   mscan0_rx_isr
     0xFFB4        0x41FE   mscan0_error_isr
     0xFFB6        0x4202   mscan0_wakeup_isr
     0xFFB8        0x4206   flash_isr
     0xFFBA        0x420A   eeprom_isr
     0xFFBC        0x420E   spi2_isr
     0xFFBE        0x4212   spi1_isr
     0xFFC0        0x4216   iic_isr
     0xFFC2        0x421A   bdlc_isr
     0xFFC4        0x421E   crg_scm_isr
     0xFFC6        0x4222   crg_pll_lock_isr
     0xFFC8        0x4226   pa_b_overflow_isr
     0xFFCA        0x422A   ect_mdc_isr
     0xFFCC        0x422E   porth_isr
     0xFFCE        0x4232   portj_isr
     0xFFD0        0x4236   atd1_isr
     0xFFD2        0x423A   atd0_isr
     0xFFD4        0x423E   sci1_isr
     0xFFD6        0x4242   sci0_isr
     0xFFD8        0x4246   spi0_isr
     0xFFDA        0x424A   pa_a_edge_isr
     0xFFDC        0x424E   pa_a_overflow_isr
     0xFFDE        0x4252   ect_overflow_isr
     0xFFE0        0x4256   ect_ch7_isr
     0xFFE2        0x425A   ect_ch6_isr
     0xFFE4        0x425E   ect_ch5_isr
     0xFFE6        0x4262   ect_ch4_isr
     0xFFE8        0x4266   ect_ch3_isr
     0xFFEA        0x426A   ect_ch2_isr
     0xFFEC        0x426E   ect_ch1_isr
     0xFFEE        0x4272   ect_ch0_isr
     0xFFF0        0x4276   rti_isr
     0xFFF2        0x427A   irq_isr
     0xFFF4        0x427E   xirq_isr
     0xFFF6        0x4282   swi_isr
     0xFFF8        0x4286   trap_isr
     0xFFFA        0x428A   cop_isr
     0xFFFC        0x428E   clockmonitor_isr
     0xFFFE        0x4029   _Startup

*********************************************************************************************
OBJECT-ALLOCATION SECTION
     Name               Module                 Addr   hSize   dSize     Ref    Section   RLIB
---------------------------------------------------------------------------------------------
MODULE:                 -- START12.C.o --
- PROCEDURES:
     Init                                      4000      29      41       1   .init       
     _Startup                                  4029      10      16       0   .init       
- VARIABLES:
     _startupData                              4039       B      11       5   .startData  
- LABELS:
     __SEG_END_SSTACK                          1464       0       0       1               
MODULE:                 -- PRINTF.C.o (ansis.lib) --
- PROCEDURES:
     Ten                                       4292      AC     172       3   .text       
     vprintf                                   433E     924    2340     110   .text       
     _out                                      4C62       C      12      17   .text       
     deposit_char                              4C6E       F      15       1   .text       
     sprintf                                   4C7D      29      41      10   .text       
- VARIABLES:
     pow10                                     4048      28      40       6   .rodata     
     pow16                                     4070      20      32       4   .rodata     
     pow8                                      4090      2C      44       4   .rodata     
     fpow10                                    40BC      30      48       1   .rodata     
     fpow_10                                   40EC      30      48       1   .rodata     
     pbuf                                      100C       6       6      15   .bss        
MODULE:                 -- STRING.C.o (ansis.lib) --
- PROCEDURES:
     memset                                    4CA6      18      24       1   .text       
- VARIABLES:
MODULE:                 -- FADD.C.o (ansis.lib) --
- PROCEDURES:
     F_ADDKL                                   5300      67     103       1   RUNTIME     
     _FADD                                     5367      15      21       3   RUNTIME     
     _FSUB                                     537C      13      19       1   RUNTIME     
     _FNEG                                     538F       B      11       1   RUNTIME     
- VARIABLES:
MODULE:                 -- FANSI.C.o (ansis.lib) --
- PROCEDURES:
     F_FREXP                                   539A      1F      31       1   RUNTIME     
     frexpf                                    53B9      19      25       1   RUNTIME     
- VARIABLES:
MODULE:                 -- FCMP.C.o (ansis.lib) --
- PROCEDURES:
     _FCMP                                     53D2      26      38       2   RUNTIME     
- VARIABLES:
MODULE:                 -- FCONV.C.o (ansis.lib) --
- PROCEDURES:
     F_TOLONGK                                 53F8      33      51       1   RUNTIME     
     F_FRLONGK                                 542B      1F      31       1   RUNTIME     
     _FUFLOAT                                  544A      12      18       1   RUNTIME     
     _FSTRUNC                                  545C      11      17       1   RUNTIME     
     _FUTRUNC                                  546D       3       3       2   RUNTIME     
- VARIABLES:
MODULE:                 -- FMUL.C.o (ansis.lib) --
- PROCEDURES:
     F_MULKL                                   5470      58      88       1   RUNTIME     
     _FMUL                                     54C8      14      20       7   RUNTIME     
- VARIABLES:
MODULE:                 -- FREGS.C.o (ansis.lib) --
- PROCEDURES:
     F_PULK                                    54DC      15      21       3   RUNTIME     
     F_PULL                                    54F1      15      21       3   RUNTIME     
     F_PSHK                                    5506      13      19       4   RUNTIME     
     F_TLK                                     5519       D      13       1   RUNTIME     
     F_XGKL                                    5526      21      33       2   RUNTIME     
     F_CLRK                                    5547       B      11       2   RUNTIME     
     F_MAXK                                    5552       9       9       1   RUNTIME     
     F_NORMK                                   555B      3E      62       3   RUNTIME     
- VARIABLES:
MODULE:                 -- rtshc12.c.o (ansis.lib) --
- PROCEDURES:
     _BSHL                                     5599       8       8       4   RUNTIME     
     _BDIVMODS                                 55A1       B      11       4   RUNTIME     
     _ISHL                                     55AC       B      11       3   RUNTIME     
     _LCMP_P                                   55B7      15      21       3   RUNTIME     
     _LNEG                                     55CC       D      13       1   RUNTIME     
     _lDivMod                                  55D9      BE     190       2   RUNTIME     
     _LDIVU                                    5697       E      14       2   RUNTIME     
     _NEG_P                                    56A5       F      15       1   RUNTIME     
     _LMODU                                    56B4      11      17       1   RUNTIME     
     _ILSEXT                                   56C5       7       7       3   RUNTIME     
     _CASE_DIRECT_BYTE                         56CC       5       5       1   RUNTIME     
     _CASE_CHECKED_BYTE                        56D1      14      20       1   RUNTIME     
     _CASE_SEARCH_8                            56E5      17      23       1   RUNTIME     
     _CASE_SEARCH_8_BYTE                       56FC      1A      26       1   RUNTIME     
- VARIABLES:
MODULE:                 -- VREGS.C.o (ansis.lib) --
- PROCEDURES:
     L_NEGK                                    5716       7       7       1   RUNTIME     
     L_PSHK                                    571D       8       8       1   RUNTIME     
     UL_PULK                                   5725       3       3       1   RUNTIME     
- VARIABLES:
MODULE:                 -- projectvectors.c.o --
- PROCEDURES:
     software_trap                             4CBE       2       2      54   .text       
     pwm_shutdown_isr                          41AE       4       4       0   NON_BANKED  
     portp_isr                                 41B2       4       4       0   NON_BANKED  
     mscan4_tx_isr                             41B6       4       4       0   NON_BANKED  
     mscan4_rx_isr                             41BA       4       4       0   NON_BANKED  
     mscan4_error_isr                          41BE       4       4       0   NON_BANKED  
     mscan4_wakeup_isr                         41C2       4       4       0   NON_BANKED  
     mscan3_tx_isr                             41C6       4       4       0   NON_BANKED  
     mscan3_rx_isr                             41CA       4       4       0   NON_BANKED  
     mscan3_error_isr                          41CE       4       4       0   NON_BANKED  
     mscan3_wakeup_isr                         41D2       4       4       0   NON_BANKED  
     mscan2_tx_isr                             41D6       4       4       0   NON_BANKED  
     mscan2_rx_isr                             41DA       4       4       0   NON_BANKED  
     mscan2_error_isr                          41DE       4       4       0   NON_BANKED  
     mscan2_wakeup_isr                         41E2       4       4       0   NON_BANKED  
     mscan1_tx_isr                             41E6       4       4       0   NON_BANKED  
     mscan1_rx_isr                             41EA       4       4       0   NON_BANKED  
     mscan1_error_isr                          41EE       4       4       0   NON_BANKED  
     mscan1_wakeup_isr                         41F2       4       4       0   NON_BANKED  
     mscan0_tx_isr                             41F6       4       4       0   NON_BANKED  
     mscan0_rx_isr                             41FA       4       4       0   NON_BANKED  
     mscan0_error_isr                          41FE       4       4       0   NON_BANKED  
     mscan0_wakeup_isr                         4202       4       4       0   NON_BANKED  
     flash_isr                                 4206       4       4       0   NON_BANKED  
     eeprom_isr                                420A       4       4       0   NON_BANKED  
     spi2_isr                                  420E       4       4       0   NON_BANKED  
     spi1_isr                                  4212       4       4       0   NON_BANKED  
     iic_isr                                   4216       4       4       0   NON_BANKED  
     bdlc_isr                                  421A       4       4       0   NON_BANKED  
     crg_scm_isr                               421E       4       4       0   NON_BANKED  
     crg_pll_lock_isr                          4222       4       4       0   NON_BANKED  
     pa_b_overflow_isr                         4226       4       4       0   NON_BANKED  
     ect_mdc_isr                               422A       4       4       0   NON_BANKED  
     porth_isr                                 422E       4       4       0   NON_BANKED  
     portj_isr                                 4232       4       4       0   NON_BANKED  
     atd1_isr                                  4236       4       4       0   NON_BANKED  
     atd0_isr                                  423A       4       4       0   NON_BANKED  
     sci1_isr                                  423E       4       4       0   NON_BANKED  
     sci0_isr                                  4242       4       4       0   NON_BANKED  
     spi0_isr                                  4246       4       4       0   NON_BANKED  
     pa_a_edge_isr                             424A       4       4       0   NON_BANKED  
     pa_a_overflow_isr                         424E       4       4       0   NON_BANKED  
     ect_overflow_isr                          4252       4       4       0   NON_BANKED  
     ect_ch7_isr                               4256       4       4       0   NON_BANKED  
     ect_ch6_isr                               425A       4       4       0   NON_BANKED  
     ect_ch5_isr                               425E       4       4       0   NON_BANKED  
     ect_ch4_isr                               4262       4       4       0   NON_BANKED  
     ect_ch3_isr                               4266       4       4       0   NON_BANKED  
     ect_ch2_isr                               426A       4       4       0   NON_BANKED  
     ect_ch1_isr                               426E       4       4       0   NON_BANKED  
     ect_ch0_isr                               4272       4       4       0   NON_BANKED  
     rti_isr                                   4276       4       4       0   NON_BANKED  
     irq_isr                                   427A       4       4       0   NON_BANKED  
     xirq_isr                                  427E       4       4       0   NON_BANKED  
     swi_isr                                   4282       4       4       0   NON_BANKED  
     trap_isr                                  4286       4       4       0   NON_BANKED  
     cop_isr                                   428A       4       4       0   NON_BANKED  
     clockmonitor_isr                          428E       4       4       0   NON_BANKED  
- VARIABLES:
MODULE:                 -- main.c.o --
- PROCEDURES:
     main                                      4CC0     25D     605      10   .text       
     init_all                                  4F1D      21      33       1   .text       
     m_delay                                   4F3E      1F      31       1   .text       
- VARIABLES:
     STRING.SCI_OK..1                          411C       8       8       1   .rodata1    
     STRING..0.c1000.d..2                      4124       C      12       1   .rodata1    
     STRING..0.c1000.d..3                      4130       C      12       1   .rodata1    
     STRING..0.c1000.d..4                      413C       C      12       1   .rodata1    
     STRING..0.c1000.d..5                      4148       C      12       1   .rodata1    
     STRING..0.c1000.d..6                      4154       C      12       1   .rodata1    
     STRING..0.c1000.d..7                      4160       C      12       1   .rodata1    
     STRING..0.c1000.d..8                      416C       C      12       1   .rodata1    
     STRING..011000.d..9                       4178       B      11       1   .rodata1    
     STRING..011000X..10                       4183       A      10       1   .rodata1    
     STRING..021000.d..11                      418D       B      11       1   .rodata1    
     STRING..021000X..12                       4198       A      10       1   .rodata1    
     STRING..0.c1000.d..13                     41A2       C      12       1   .rodata1    
     expected_size                             1000       C      12       1   .data       
     ready                                     1012       2       2       4   .bss        
     interrupt_sw1                             1014       2       2       3   .bss        
     interrupt_sw2                             1016       2       2       3   .bss        
     interrupt_sw3                             1018       2       2       3   .bss        
     CNT                                       101A       1       1       2   .bss        
     LED_CNT                                   101B       1       1       5   .bss        
     data_size                                 101C       2       2       1   .bss        
     RX                                        1020      1E      30      42   .common     
     TX                                        103E      1E      30      14   .common     
MODULE:                 -- per_DP256_K79X.c.o --
- PROCEDURES:
- VARIABLES:
     Regs                                         0      30      48      14   .abs_section_0
     Page                                        30       4       4       0   .abs_section_30
     Crg                                         34       C      12       0   .abs_section_34
     Tim0                                        40      40      64       0   .abs_section_40
     Atd0                                        80      20      32       7   .abs_section_80
     Pwm                                         A0      28      40       0   .abs_section_a0
     Sci0                                        C8       8       8       9   .abs_section_c8
     Sci1                                        D0       8       8       0   .abs_section_d0
     Spi0                                        D8       8       8       0   .abs_section_d8
     Iic                                         E0       8       8       0   .abs_section_e0
     Bdlc                                        E8       8       8       0   .abs_section_e8
     Spi1                                        F0       8       8       0   .abs_section_f0
     Spi2                                        F8       8       8       0   .abs_section_f8
     Flash                                      100      10      16       0   .abs_section_100
     Eeprom                                     110       C      12       0   .abs_section_110
     Atd1                                       120      20      32       0   .abs_section_120
     Can0                                       140      40      64       0   .abs_section_140
     Can1                                       180      40      64       0   .abs_section_180
     Can2                                       1C0      40      64       0   .abs_section_1c0
     Can3                                       200      40      64       0   .abs_section_200
     Pim                                        240      30      48      17   .abs_section_240
     Can4                                       280      40      64       0   .abs_section_280
MODULE:                 -- atd.c.o --
- PROCEDURES:
     init_atd0                                 4F5D      10      16       1   .text       
     get_atd0                                  4F6D      3E      62       1   .text       
- VARIABLES:
     val                                       105C       2       2       1   .common     
MODULE:                 -- 7segment.c.o --
- PROCEDURES:
     init_7segment                             4FAB       9       9       1   .text       
     light7segment                             4FB4       8       8       2   .text       
     set_7segment                              4FBC      39      57       1   .text       
- VARIABLES:
MODULE:                 -- interrupt.c.o --
- PROCEDURES:
     ini_interrupt                             4FF5       C      12       1   .text       
     interruptJ_function                       5001      20      32       1   .text       
     interruptX_function                       5021       7       7       1   .text       
- VARIABLES:
MODULE:                 -- lcd.c.o --
- PROCEDURES:
     init_LCD                                  5028      18      24       1   .text       
     set_inst_register                         5040      26      38       5   .text       
     write_data                                5066      26      38       1   .text       
     write_string                              508C      2C      44       1   .text       
     ms_delay                                  50B8      1F      31       2   .text       
     LCD_control                               50D7      3C      60       1   .text       
- VARIABLES:
MODULE:                 -- sci.c.o --
- PROCEDURES:
     init_sci0                                 5113      27      39       1   .text       
     write_sci0                                513A       7       7       4   .text       
     sci0_handler                              5141      61      97       1   .text       
- VARIABLES:
     offset                                    101E       2       2       5   .bss        
     txbuffer_sci0                             105E       2       2       5   .common     
     txoffset_sci0                             1060       2       2       1   .common     
     rxbuffer_sci0                             1062       2       2       4   .common     
MODULE:                 -- led.c.o --
- PROCEDURES:
     init_led                                  51A2       E      14       1   .text       
     set_led                                   51B0      11      17       3   .text       
     led_control                               51C1     13F     319       7   .text       
- VARIABLES:

*********************************************************************************************
MODULE STATISTIC
  Name                                      Data   Code  Const
---------------------------------------------------------------------------------------------
  START12.C.o                                  0     57      0
  PRINTF.C.o (ansis.lib)                       6   2580    212
  STRING.C.o (ansis.lib)                       0     24      0
  FADD.C.o (ansis.lib)                         0    154      0
  FANSI.C.o (ansis.lib)                        0     56      0
  FCMP.C.o (ansis.lib)                         0     38      0
  FCONV.C.o (ansis.lib)                        0    120      0
  FMUL.C.o (ansis.lib)                         0    108      0
  FREGS.C.o (ansis.lib)                        0    189      0
  rtshc12.c.o (ansis.lib)                      0    381      0
  VREGS.C.o (ansis.lib)                        0     18      0
  projectvectors.c.o                           0    230      0
  main.c.o                                    84    669    146
  per_DP256_K79X.c.o                         684      0      0
  atd.c.o                                      2     78      0
  7segment.c.o                                 0     74      0
  interrupt.c.o                                0     51      0
  lcd.c.o                                      0    235      0
  sci.c.o                                      8    143      0
  led.c.o                                      0    350      0
  other                                     1024    131     17

*********************************************************************************************
SECTION USE IN OBJECT-ALLOCATION SECTION
---------------------------------------------------------------------------------------------
SECTION: ".text"
  Ten vprintf _out deposit_char sprintf memset software_trap main init_all 
  m_delay init_atd0 get_atd0 init_7segment light7segment set_7segment 
  ini_interrupt interruptJ_function interruptX_function init_LCD 
  set_inst_register write_data write_string ms_delay LCD_control init_sci0 
  write_sci0 sci0_handler init_led set_led led_control 
SECTION: ".data"
  expected_size 
SECTION: ".bss"
  pbuf ready interrupt_sw1 interrupt_sw2 interrupt_sw3 CNT LED_CNT data_size 
  offset 
SECTION: ".init"
  Init _Startup 
SECTION: ".rodata"
  pow10 pow16 pow8 fpow10 fpow_10 
SECTION: ".rodata1"
  STRING.SCI_OK..1 STRING..0.c1000.d..2 STRING..0.c1000.d..3 
  STRING..0.c1000.d..4 STRING..0.c1000.d..5 STRING..0.c1000.d..6 
  STRING..0.c1000.d..7 STRING..0.c1000.d..8 STRING..011000.d..9 
  STRING..011000X..10 STRING..021000.d..11 STRING..021000X..12 
  STRING..0.c1000.d..13 
SECTION: "NON_BANKED"
  pwm_shutdown_isr portp_isr mscan4_tx_isr mscan4_rx_isr mscan4_error_isr 
  mscan4_wakeup_isr mscan3_tx_isr mscan3_rx_isr mscan3_error_isr 
  mscan3_wakeup_isr mscan2_tx_isr mscan2_rx_isr mscan2_error_isr 
  mscan2_wakeup_isr mscan1_tx_isr mscan1_rx_isr mscan1_error_isr 
  mscan1_wakeup_isr mscan0_tx_isr mscan0_rx_isr mscan0_error_isr 
  mscan0_wakeup_isr flash_isr eeprom_isr spi2_isr spi1_isr iic_isr bdlc_isr 
  crg_scm_isr crg_pll_lock_isr pa_b_overflow_isr ect_mdc_isr porth_isr 
  portj_isr atd1_isr atd0_isr sci1_isr sci0_isr spi0_isr pa_a_edge_isr 
  pa_a_overflow_isr ect_overflow_isr ect_ch7_isr ect_ch6_isr ect_ch5_isr 
  ect_ch4_isr ect_ch3_isr ect_ch2_isr ect_ch1_isr ect_ch0_isr rti_isr irq_isr 
  xirq_isr swi_isr trap_isr cop_isr clockmonitor_isr 
SECTION: ".common"
  RX TX val txbuffer_sci0 txoffset_sci0 rxbuffer_sci0 
SECTION: "RUNTIME"
  F_ADDKL _FADD _FSUB _FNEG F_FREXP frexpf _FCMP F_TOLONGK F_FRLONGK _FUFLOAT 
  _FSTRUNC _FUTRUNC F_MULKL _FMUL F_PULK F_PULL F_PSHK F_TLK F_XGKL F_CLRK 
  F_MAXK F_NORMK _BSHL _BDIVMODS _ISHL _LCMP_P _LNEG _lDivMod _LDIVU _NEG_P 
  _LMODU _ILSEXT _CASE_DIRECT_BYTE _CASE_CHECKED_BYTE _CASE_SEARCH_8 
  _CASE_SEARCH_8_BYTE L_NEGK L_PSHK UL_PULK 
SECTION: ".abs_section_0"
  Regs 
SECTION: ".abs_section_30"
  Page 
SECTION: ".abs_section_34"
  Crg 
SECTION: ".abs_section_40"
  Tim0 
SECTION: ".abs_section_80"
  Atd0 
SECTION: ".abs_section_a0"
  Pwm 
SECTION: ".abs_section_c8"
  Sci0 
SECTION: ".abs_section_d0"
  Sci1 
SECTION: ".abs_section_d8"
  Spi0 
SECTION: ".abs_section_e0"
  Iic 
SECTION: ".abs_section_e8"
  Bdlc 
SECTION: ".abs_section_f0"
  Spi1 
SECTION: ".abs_section_f8"
  Spi2 
SECTION: ".abs_section_100"
  Flash 
SECTION: ".abs_section_110"
  Eeprom 
SECTION: ".abs_section_120"
  Atd1 
SECTION: ".abs_section_140"
  Can0 
SECTION: ".abs_section_180"
  Can1 
SECTION: ".abs_section_1c0"
  Can2 
SECTION: ".abs_section_200"
  Can3 
SECTION: ".abs_section_240"
  Pim 
SECTION: ".abs_section_280"
  Can4 

*********************************************************************************************
OBJECT LIST SORTED BY ADDRESS
     Name                                      Addr   hSize   dSize     Ref    Section   RLIB
---------------------------------------------------------------------------------------------
     Regs                                         0      30      48      14   .abs_section_0
     Page                                        30       4       4       0   .abs_section_30
     Crg                                         34       C      12       0   .abs_section_34
     Tim0                                        40      40      64       0   .abs_section_40
     Atd0                                        80      20      32       7   .abs_section_80
     Pwm                                         A0      28      40       0   .abs_section_a0
     Sci0                                        C8       8       8       9   .abs_section_c8
     Sci1                                        D0       8       8       0   .abs_section_d0
     Spi0                                        D8       8       8       0   .abs_section_d8
     Iic                                         E0       8       8       0   .abs_section_e0
     Bdlc                                        E8       8       8       0   .abs_section_e8
     Spi1                                        F0       8       8       0   .abs_section_f0
     Spi2                                        F8       8       8       0   .abs_section_f8
     Flash                                      100      10      16       0   .abs_section_100
     Eeprom                                     110       C      12       0   .abs_section_110
     Atd1                                       120      20      32       0   .abs_section_120
     Can0                                       140      40      64       0   .abs_section_140
     Can1                                       180      40      64       0   .abs_section_180
     Can2                                       1C0      40      64       0   .abs_section_1c0
     Can3                                       200      40      64       0   .abs_section_200
     Pim                                        240      30      48      17   .abs_section_240
     Can4                                       280      40      64       0   .abs_section_280
     expected_size                             1000       C      12       1   .data       
     pbuf                                      100C       6       6      15   .bss        
     ready                                     1012       2       2       4   .bss        
     interrupt_sw1                             1014       2       2       3   .bss        
     interrupt_sw2                             1016       2       2       3   .bss        
     interrupt_sw3                             1018       2       2       3   .bss        
     CNT                                       101A       1       1       2   .bss        
     LED_CNT                                   101B       1       1       5   .bss        
     data_size                                 101C       2       2       1   .bss        
     offset                                    101E       2       2       5   .bss        
     RX                                        1020      1E      30      42   .common     
     TX                                        103E      1E      30      14   .common     
     val                                       105C       2       2       1   .common     
     txbuffer_sci0                             105E       2       2       5   .common     
     txoffset_sci0                             1060       2       2       1   .common     
     rxbuffer_sci0                             1062       2       2       4   .common     
     Init                                      4000      29      41       1   .init       
     _Startup                                  4029      10      16       0   .init       
     pow10                                     4048      28      40       6   .rodata     
     pow16                                     4070      20      32       4   .rodata     
     pow8                                      4090      2C      44       4   .rodata     
     fpow10                                    40BC      30      48       1   .rodata     
     fpow_10                                   40EC      30      48       1   .rodata     
     STRING.SCI_OK..1                          411C       8       8       1   .rodata1    
     STRING..0.c1000.d..2                      4124       C      12       1   .rodata1    
     STRING..0.c1000.d..3                      4130       C      12       1   .rodata1    
     STRING..0.c1000.d..4                      413C       C      12       1   .rodata1    
     STRING..0.c1000.d..5                      4148       C      12       1   .rodata1    
     STRING..0.c1000.d..6                      4154       C      12       1   .rodata1    
     STRING..0.c1000.d..7                      4160       C      12       1   .rodata1    
     STRING..0.c1000.d..8                      416C       C      12       1   .rodata1    
     STRING..011000.d..9                       4178       B      11       1   .rodata1    
     STRING..011000X..10                       4183       A      10       1   .rodata1    
     STRING..021000.d..11                      418D       B      11       1   .rodata1    
     STRING..021000X..12                       4198       A      10       1   .rodata1    
     STRING..0.c1000.d..13                     41A2       C      12       1   .rodata1    
     pwm_shutdown_isr                          41AE       4       4       0   NON_BANKED  
     portp_isr                                 41B2       4       4       0   NON_BANKED  
     mscan4_tx_isr                             41B6       4       4       0   NON_BANKED  
     mscan4_rx_isr                             41BA       4       4       0   NON_BANKED  
     mscan4_error_isr                          41BE       4       4       0   NON_BANKED  
     mscan4_wakeup_isr                         41C2       4       4       0   NON_BANKED  
     mscan3_tx_isr                             41C6       4       4       0   NON_BANKED  
     mscan3_rx_isr                             41CA       4       4       0   NON_BANKED  
     mscan3_error_isr                          41CE       4       4       0   NON_BANKED  
     mscan3_wakeup_isr                         41D2       4       4       0   NON_BANKED  
     mscan2_tx_isr                             41D6       4       4       0   NON_BANKED  
     mscan2_rx_isr                             41DA       4       4       0   NON_BANKED  
     mscan2_error_isr                          41DE       4       4       0   NON_BANKED  
     mscan2_wakeup_isr                         41E2       4       4       0   NON_BANKED  
     mscan1_tx_isr                             41E6       4       4       0   NON_BANKED  
     mscan1_rx_isr                             41EA       4       4       0   NON_BANKED  
     mscan1_error_isr                          41EE       4       4       0   NON_BANKED  
     mscan1_wakeup_isr                         41F2       4       4       0   NON_BANKED  
     mscan0_tx_isr                             41F6       4       4       0   NON_BANKED  
     mscan0_rx_isr                             41FA       4       4       0   NON_BANKED  
     mscan0_error_isr                          41FE       4       4       0   NON_BANKED  
     mscan0_wakeup_isr                         4202       4       4       0   NON_BANKED  
     flash_isr                                 4206       4       4       0   NON_BANKED  
     eeprom_isr                                420A       4       4       0   NON_BANKED  
     spi2_isr                                  420E       4       4       0   NON_BANKED  
     spi1_isr                                  4212       4       4       0   NON_BANKED  
     iic_isr                                   4216       4       4       0   NON_BANKED  
     bdlc_isr                                  421A       4       4       0   NON_BANKED  
     crg_scm_isr                               421E       4       4       0   NON_BANKED  
     crg_pll_lock_isr                          4222       4       4       0   NON_BANKED  
     pa_b_overflow_isr                         4226       4       4       0   NON_BANKED  
     ect_mdc_isr                               422A       4       4       0   NON_BANKED  
     porth_isr                                 422E       4       4       0   NON_BANKED  
     portj_isr                                 4232       4       4       0   NON_BANKED  
     atd1_isr                                  4236       4       4       0   NON_BANKED  
     atd0_isr                                  423A       4       4       0   NON_BANKED  
     sci1_isr                                  423E       4       4       0   NON_BANKED  
     sci0_isr                                  4242       4       4       0   NON_BANKED  
     spi0_isr                                  4246       4       4       0   NON_BANKED  
     pa_a_edge_isr                             424A       4       4       0   NON_BANKED  
     pa_a_overflow_isr                         424E       4       4       0   NON_BANKED  
     ect_overflow_isr                          4252       4       4       0   NON_BANKED  
     ect_ch7_isr                               4256       4       4       0   NON_BANKED  
     ect_ch6_isr                               425A       4       4       0   NON_BANKED  
     ect_ch5_isr                               425E       4       4       0   NON_BANKED  
     ect_ch4_isr                               4262       4       4       0   NON_BANKED  
     ect_ch3_isr                               4266       4       4       0   NON_BANKED  
     ect_ch2_isr                               426A       4       4       0   NON_BANKED  
     ect_ch1_isr                               426E       4       4       0   NON_BANKED  
     ect_ch0_isr                               4272       4       4       0   NON_BANKED  
     rti_isr                                   4276       4       4       0   NON_BANKED  
     irq_isr                                   427A       4       4       0   NON_BANKED  
     xirq_isr                                  427E       4       4       0   NON_BANKED  
     swi_isr                                   4282       4       4       0   NON_BANKED  
     trap_isr                                  4286       4       4       0   NON_BANKED  
     cop_isr                                   428A       4       4       0   NON_BANKED  
     clockmonitor_isr                          428E       4       4       0   NON_BANKED  
     Ten                                       4292      AC     172       3   .text       
     vprintf                                   433E     924    2340     110   .text       
     _out                                      4C62       C      12      17   .text       
     deposit_char                              4C6E       F      15       1   .text       
     sprintf                                   4C7D      29      41      10   .text       
     memset                                    4CA6      18      24       1   .text       
     software_trap                             4CBE       2       2      54   .text       
     main                                      4CC0     25D     605      10   .text       
     init_all                                  4F1D      21      33       1   .text       
     m_delay                                   4F3E      1F      31       1   .text       
     init_atd0                                 4F5D      10      16       1   .text       
     get_atd0                                  4F6D      3E      62       1   .text       
     init_7segment                             4FAB       9       9       1   .text       
     light7segment                             4FB4       8       8       2   .text       
     set_7segment                              4FBC      39      57       1   .text       
     ini_interrupt                             4FF5       C      12       1   .text       
     interruptJ_function                       5001      20      32       1   .text       
     interruptX_function                       5021       7       7       1   .text       
     init_LCD                                  5028      18      24       1   .text       
     set_inst_register                         5040      26      38       5   .text       
     write_data                                5066      26      38       1   .text       
     write_string                              508C      2C      44       1   .text       
     ms_delay                                  50B8      1F      31       2   .text       
     LCD_control                               50D7      3C      60       1   .text       
     init_sci0                                 5113      27      39       1   .text       
     write_sci0                                513A       7       7       4   .text       
     sci0_handler                              5141      61      97       1   .text       
     init_led                                  51A2       E      14       1   .text       
     set_led                                   51B0      11      17       3   .text       
     led_control                               51C1     13F     319       7   .text       
     F_ADDKL                                   5300      67     103       1   RUNTIME     
     _FADD                                     5367      15      21       3   RUNTIME     
     _FSUB                                     537C      13      19       1   RUNTIME     
     _FNEG                                     538F       B      11       1   RUNTIME     
     F_FREXP                                   539A      1F      31       1   RUNTIME     
     frexpf                                    53B9      19      25       1   RUNTIME     
     _FCMP                                     53D2      26      38       2   RUNTIME     
     F_TOLONGK                                 53F8      33      51       1   RUNTIME     
     F_FRLONGK                                 542B      1F      31       1   RUNTIME     
     _FUFLOAT                                  544A      12      18       1   RUNTIME     
     _FSTRUNC                                  545C      11      17       1   RUNTIME     
     _FUTRUNC                                  546D       3       3       2   RUNTIME     
     F_MULKL                                   5470      58      88       1   RUNTIME     
     _FMUL                                     54C8      14      20       7   RUNTIME     
     F_PULK                                    54DC      15      21       3   RUNTIME     
     F_PULL                                    54F1      15      21       3   RUNTIME     
     F_PSHK                                    5506      13      19       4   RUNTIME     
     F_TLK                                     5519       D      13       1   RUNTIME     
     F_XGKL                                    5526      21      33       2   RUNTIME     
     F_CLRK                                    5547       B      11       2   RUNTIME     
     F_MAXK                                    5552       9       9       1   RUNTIME     
     F_NORMK                                   555B      3E      62       3   RUNTIME     
     _BSHL                                     5599       8       8       4   RUNTIME     
     _BDIVMODS                                 55A1       B      11       4   RUNTIME     
     _ISHL                                     55AC       B      11       3   RUNTIME     
     _LCMP_P                                   55B7      15      21       3   RUNTIME     
     _LNEG                                     55CC       D      13       1   RUNTIME     
     _lDivMod                                  55D9      BE     190       2   RUNTIME     
     _LDIVU                                    5697       E      14       2   RUNTIME     
     _NEG_P                                    56A5       F      15       1   RUNTIME     
     _LMODU                                    56B4      11      17       1   RUNTIME     
     _ILSEXT                                   56C5       7       7       3   RUNTIME     
     _CASE_DIRECT_BYTE                         56CC       5       5       1   RUNTIME     
     _CASE_CHECKED_BYTE                        56D1      14      20       1   RUNTIME     
     _CASE_SEARCH_8                            56E5      17      23       1   RUNTIME     
     _CASE_SEARCH_8_BYTE                       56FC      1A      26       1   RUNTIME     
     L_NEGK                                    5716       7       7       1   RUNTIME     
     L_PSHK                                    571D       8       8       1   RUNTIME     
     UL_PULK                                   5725       3       3       1   RUNTIME     

*********************************************************************************************
UNUSED-OBJECTS SECTION
---------------------------------------------------------------------------------------------
NOT USED PROCEDURES
PRINTF.C.o (ansis.lib):
  set_printf vsprintf snprintf vsnprintf 
STRING.C.o (ansis.lib):
  strerror memchr memcmp memcpy2 memcpy _memcpy_8bitCount memmove 
  _memset_clear_8bitCount strlen strset strcat strncat strcpy strncpy strcmp 
  strncmp strchr strrchr strspn strcspn strpbrk strstr strtok strcoll strxfrm 
FADD.C.o (ansis.lib):
  _FINC _FDEC _FABS 
FANSI.C.o (ansis.lib):
  F_MODF F_LDEXP modff RetErrDom ldexpf 
FCONV.C.o (ansis.lib):
  _FSFLOAT 
FMUL.C.o (ansis.lib):
  F_DIVKL _FDIV 
FREGS.C.o (ansis.lib):
  F_STAL F_TKL F_CLRL 
rtshc12.c.o (ansis.lib):
  _BSHRS _BSHRU _BDIVMODU _ISHRU _ISHRS _LSHL _LSHRU _LSHRS _LADD _LSUB _LAND 
  _LOR _LXOR _LCMP _LCMP_PP _LCOM _LINC _LDEC _LMUL _LMULU16x32 _LMULS16x32 
  _LDIVS _LMODS _COPY _CASE_DIRECT _CASE_CHECKED _CASE_SEARCH _CASE_SEARCH_BYTE 
  _FCALL _FPCMP 
VREGS.C.o (ansis.lib):
  SL_PULK 
projectvectors.c.o:
  unused_isr 
lcd.c.o:
  write_char 
NOT USED VARIABLES
STRING.C.o (ansis.lib):
  STRING..1 next.2 
FANSI.C.o (ansis.lib):
  infinity errno 
rtshc12.c.o (ansis.lib):
  _PowOfTwo_8 _PowOfTwo_16 _PowOfTwo_32 errno 

*********************************************************************************************
COPYDOWN SECTION
---------------------------------------------------------------------------------------------
------- ROM-ADDRESS: 0x5728 ---- SIZE       4 ---
Filling bytes inserted
 000B1001
------- ROM-ADDRESS: 0x572C ---- RAM-ADDRESS: 0x1001 ---- SIZE      11 ---
Name of initialized Object : expected_size:1
 0100020003 0004000A00 10
------- ROM-ADDRESS: 0x5737 ---- SIZE       2 ---
Filling bytes inserted
 0000

*********************************************************************************************
OBJECT-DEPENDENCIES SECTION
---------------------------------------------------------------------------------------------
Init                      USES _startupData 
_Startup                  USES _startupData __SEG_END_SSTACK Init 
pwm_shutdown_isr          USES software_trap 
portp_isr                 USES software_trap 
mscan4_tx_isr             USES software_trap 
mscan4_rx_isr             USES software_trap 
mscan4_error_isr          USES software_trap 
mscan4_wakeup_isr         USES software_trap 
mscan3_tx_isr             USES software_trap 
mscan3_rx_isr             USES software_trap 
mscan3_error_isr          USES software_trap 
mscan3_wakeup_isr         USES software_trap 
mscan2_tx_isr             USES software_trap 
mscan2_rx_isr             USES software_trap 
mscan2_error_isr          USES software_trap 
mscan2_wakeup_isr         USES software_trap 
mscan1_tx_isr             USES software_trap 
mscan1_rx_isr             USES software_trap 
mscan1_error_isr          USES software_trap 
mscan1_wakeup_isr         USES software_trap 
mscan0_tx_isr             USES software_trap 
mscan0_rx_isr             USES software_trap 
mscan0_error_isr          USES software_trap 
mscan0_wakeup_isr         USES software_trap 
flash_isr                 USES software_trap 
eeprom_isr                USES software_trap 
spi2_isr                  USES software_trap 
spi1_isr                  USES software_trap 
iic_isr                   USES software_trap 
bdlc_isr                  USES software_trap 
crg_scm_isr               USES software_trap 
crg_pll_lock_isr          USES software_trap 
pa_b_overflow_isr         USES software_trap 
ect_mdc_isr               USES software_trap 
porth_isr                 USES software_trap 
portj_isr                 USES interruptJ_function 
atd1_isr                  USES software_trap 
atd0_isr                  USES software_trap 
sci1_isr                  USES software_trap 
sci0_isr                  USES sci0_handler 
spi0_isr                  USES software_trap 
pa_a_edge_isr             USES software_trap 
pa_a_overflow_isr         USES software_trap 
ect_overflow_isr          USES software_trap 
ect_ch7_isr               USES software_trap 
ect_ch6_isr               USES software_trap 
ect_ch5_isr               USES software_trap 
ect_ch4_isr               USES software_trap 
ect_ch3_isr               USES software_trap 
ect_ch2_isr               USES software_trap 
ect_ch1_isr               USES software_trap 
ect_ch0_isr               USES software_trap 
rti_isr                   USES software_trap 
irq_isr                   USES software_trap 
xirq_isr                  USES interruptX_function 
swi_isr                   USES software_trap 
trap_isr                  USES software_trap 
cop_isr                   USES software_trap 
clockmonitor_isr          USES software_trap 
Ten                       USES fpow10 fpow_10 Ten _FMUL 
vprintf                   USES vprintf _out _CASE_SEARCH_8_BYTE 
                                _CASE_DIRECT_BYTE _CASE_SEARCH_8 pbuf _ILSEXT _LNEG pow8 _LCMP_P 
                                pow16 pow10 _FNEG frexpf _FMUL _FADD _BDIVMODS Ten 
                                _FUTRUNC _FUFLOAT _FSUB _LDIVU _FCMP _LMODU 
_out                      USES pbuf 
deposit_char              USES pbuf 
sprintf                   USES pbuf deposit_char vprintf 
main                      USES init_all STRING.SCI_OK..1 write_sci0 
                                light7segment set_led ready main RX expected_size data_size 
                                STRING..0.c1000.d..2 STRING..0.c1000.d..3 TX sprintf 
                                STRING..0.c1000.d..4 STRING..0.c1000.d..5 STRING..0.c1000.d..6 
                                led_control STRING..0.c1000.d..7 LCD_control 
                                STRING..0.c1000.d..8 m_delay interrupt_sw1 LED_CNT Regs Pim 
                                STRING..011000.d..9 STRING..011000X..10 interrupt_sw2 CNT 
                                STRING..021000.d..11 STRING..021000X..12 interrupt_sw3 get_atd0 
                                STRING..0.c1000.d..13 memset _ISHL 
init_all                  USES init_LCD RX init_sci0 ini_interrupt init_led 
                                init_atd0 init_7segment 
init_atd0                 USES Atd0 
get_atd0                  USES Atd0 val 
init_7segment             USES Pim 
light7segment             USES set_7segment 
set_7segment              USES _CASE_CHECKED_BYTE Pim 
ini_interrupt             USES Pim 
interruptJ_function       USES Pim interrupt_sw2 interrupt_sw3 
interruptX_function       USES interrupt_sw1 
init_LCD                  USES Regs set_inst_register 
set_inst_register         USES ms_delay Regs 
write_data                USES ms_delay Regs 
write_string              USES set_inst_register write_data 
LCD_control               USES RX write_string 
init_sci0                 USES _ILSEXT _LDIVU Sci0 txoffset_sci0 rxbuffer_sci0 
                                offset 
write_sci0                USES txbuffer_sci0 Sci0 
sci0_handler              USES Sci0 ready rxbuffer_sci0 offset RX 
                                txbuffer_sci0 
init_led                  USES Regs Pim 
set_led                   USES Pim Regs 
led_control               USES RX _BSHL Pim led_control Regs _ISHL set_led 
F_ADDKL                   USES F_XGKL F_NORMK 
_FADD                     USES F_PULK F_PULL F_ADDKL F_PSHK 
_FSUB                     USES _FADD 
F_FREXP                   USES F_NORMK 
frexpf                    USES F_PULL F_TLK F_FREXP F_PSHK 
_FUFLOAT                  USES UL_PULK F_FRLONGK F_PSHK 
_FSTRUNC                  USES F_PULK F_TOLONGK L_PSHK 
_FUTRUNC                  USES _FSTRUNC 
F_MULKL                   USES F_CLRK F_NORMK 
_FMUL                     USES F_PULK F_PULL F_MULKL F_PSHK 
F_MAXK                    USES F_CLRK 
F_NORMK                   USES F_MAXK 
_LDIVU                    USES _lDivMod 
_LMODU                    USES _lDivMod 
L_NEGK                    USES _NEG_P 
L_PSHK                    USES L_NEGK 

*********************************************************************************************
DEPENDENCY TREE
*********************************************************************************************
 main and _Startup Group
 | 
 +- main                
 |  | 
 |  +- init_all            
 |  |  | 
 |  |  +- init_LCD            
 |  |  |  | 
 |  |  |  +- set_inst_register   
 |  |  |     | 
 |  |  |     +- ms_delay            
 |  |  |          
 |  |  +- init_sci0           
 |  |  |  | 
 |  |  |  +- _ILSEXT             
 |  |  |  |    
 |  |  |  +- _LDIVU              
 |  |  |     | 
 |  |  |     +- _lDivMod            
 |  |  |          
 |  |  +- ini_interrupt       
 |  |  |    
 |  |  +- init_led            
 |  |  |    
 |  |  +- init_atd0           
 |  |  |    
 |  |  +- init_7segment       
 |  |       
 |  +- write_sci0          
 |  |    
 |  +- light7segment       
 |  |  | 
 |  |  +- set_7segment        
 |  |     | 
 |  |     +- _CASE_CHECKED_BYTE  
 |  |          
 |  +- set_led             
 |  |    
 |  +- sprintf             
 |  |  | 
 |  |  +- deposit_char        
 |  |  |    
 |  |  +- vprintf             
 |  |     | 
 |  |     +- _out                
 |  |     |    
 |  |     +- _CASE_SEARCH_8_BYTE 
 |  |     |    
 |  |     +- _CASE_DIRECT_BYTE   
 |  |     |    
 |  |     +- _CASE_SEARCH_8      
 |  |     |    
 |  |     +- _ILSEXT              (see above)
 |  |     |  
 |  |     +- _LNEG               
 |  |     |    
 |  |     +- _LCMP_P             
 |  |     |    
 |  |     +- _FNEG               
 |  |     |    
 |  |     +- frexpf              
 |  |     |  | 
 |  |     |  +- F_PULL              
 |  |     |  |    
 |  |     |  +- F_TLK               
 |  |     |  |    
 |  |     |  +- F_FREXP             
 |  |     |  |  | 
 |  |     |  |  +- F_NORMK             
 |  |     |  |     | 
 |  |     |  |     +- F_MAXK              
 |  |     |  |        | 
 |  |     |  |        +- F_CLRK              
 |  |     |  |             
 |  |     |  +- F_PSHK              
 |  |     |       
 |  |     +- _FMUL               
 |  |     |  | 
 |  |     |  +- F_PULK              
 |  |     |  |    
 |  |     |  +- F_PULL               (see above)
 |  |     |  |  
 |  |     |  +- F_MULKL             
 |  |     |  |  | 
 |  |     |  |  +- F_CLRK               (see above)
 |  |     |  |  |  
 |  |     |  |  +- F_NORMK              (see above)
 |  |     |  |     
 |  |     |  +- F_PSHK               (see above)
 |  |     |     
 |  |     +- _FADD               
 |  |     |  | 
 |  |     |  +- F_PULK               (see above)
 |  |     |  |  
 |  |     |  +- F_PULL               (see above)
 |  |     |  |  
 |  |     |  +- F_ADDKL             
 |  |     |  |  | 
 |  |     |  |  +- F_XGKL              
 |  |     |  |  |    
 |  |     |  |  +- F_NORMK              (see above)
 |  |     |  |     
 |  |     |  +- F_PSHK               (see above)
 |  |     |     
 |  |     +- _BDIVMODS           
 |  |     |    
 |  |     +- Ten                 
 |  |     |  | 
 |  |     |  +- _FMUL                (see above)
 |  |     |     
 |  |     +- _FUTRUNC            
 |  |     |  | 
 |  |     |  +- _FSTRUNC            
 |  |     |     | 
 |  |     |     +- F_PULK               (see above)
 |  |     |     |  
 |  |     |     +- F_TOLONGK           
 |  |     |     |    
 |  |     |     +- L_PSHK              
 |  |     |        | 
 |  |     |        +- L_NEGK              
 |  |     |           | 
 |  |     |           +- _NEG_P              
 |  |     |                
 |  |     +- _FUFLOAT            
 |  |     |  | 
 |  |     |  +- UL_PULK             
 |  |     |  |    
 |  |     |  +- F_FRLONGK           
 |  |     |  |    
 |  |     |  +- F_PSHK               (see above)
 |  |     |     
 |  |     +- _FSUB               
 |  |     |  | 
 |  |     |  +- _FADD                (see above)
 |  |     |     
 |  |     +- _LDIVU               (see above)
 |  |     |  
 |  |     +- _FCMP               
 |  |     |    
 |  |     +- _LMODU              
 |  |        | 
 |  |        +- _lDivMod             (see above)
 |  |           
 |  +- led_control         
 |  |  | 
 |  |  +- _BSHL               
 |  |  |    
 |  |  +- _ISHL               
 |  |  |    
 |  |  +- set_led              (see above)
 |  |     
 |  +- LCD_control         
 |  |  | 
 |  |  +- write_string        
 |  |     | 
 |  |     +- set_inst_register    (see above)
 |  |     |  
 |  |     +- write_data          
 |  |        | 
 |  |        +- ms_delay             (see above)
 |  |           
 |  +- m_delay             
 |  |    
 |  +- get_atd0            
 |  |    
 |  +- memset              
 |  |    
 |  +- _ISHL                (see above)
 |     
 +- _Startup            
    | 
    +- Init                
         
 clockmonitor_isr    
 | 
 +- software_trap       
      
 cop_isr             
 | 
 +- software_trap        (see above)
    
 trap_isr            
 | 
 +- software_trap        (see above)
    
 swi_isr             
 | 
 +- software_trap        (see above)
    
 xirq_isr            
 | 
 +- interruptX_function 
      
 irq_isr             
 | 
 +- software_trap        (see above)
    
 rti_isr             
 | 
 +- software_trap        (see above)
    
 ect_ch0_isr         
 | 
 +- software_trap        (see above)
    
 ect_ch1_isr         
 | 
 +- software_trap        (see above)
    
 ect_ch2_isr         
 | 
 +- software_trap        (see above)
    
 ect_ch3_isr         
 | 
 +- software_trap        (see above)
    
 ect_ch4_isr         
 | 
 +- software_trap        (see above)
    
 ect_ch5_isr         
 | 
 +- software_trap        (see above)
    
 ect_ch6_isr         
 | 
 +- software_trap        (see above)
    
 ect_ch7_isr         
 | 
 +- software_trap        (see above)
    
 ect_overflow_isr    
 | 
 +- software_trap        (see above)
    
 pa_a_overflow_isr   
 | 
 +- software_trap        (see above)
    
 pa_a_edge_isr       
 | 
 +- software_trap        (see above)
    
 spi0_isr            
 | 
 +- software_trap        (see above)
    
 sci0_isr            
 | 
 +- sci0_handler        
      
 sci1_isr            
 | 
 +- software_trap        (see above)
    
 atd0_isr            
 | 
 +- software_trap        (see above)
    
 atd1_isr            
 | 
 +- software_trap        (see above)
    
 portj_isr           
 | 
 +- interruptJ_function 
      
 porth_isr           
 | 
 +- software_trap        (see above)
    
 ect_mdc_isr         
 | 
 +- software_trap        (see above)
    
 pa_b_overflow_isr   
 | 
 +- software_trap        (see above)
    
 crg_pll_lock_isr    
 | 
 +- software_trap        (see above)
    
 crg_scm_isr         
 | 
 +- software_trap        (see above)
    
 bdlc_isr            
 | 
 +- software_trap        (see above)
    
 iic_isr             
 | 
 +- software_trap        (see above)
    
 spi1_isr            
 | 
 +- software_trap        (see above)
    
 spi2_isr            
 | 
 +- software_trap        (see above)
    
 eeprom_isr          
 | 
 +- software_trap        (see above)
    
 flash_isr           
 | 
 +- software_trap        (see above)
    
 mscan0_wakeup_isr   
 | 
 +- software_trap        (see above)
    
 mscan0_error_isr    
 | 
 +- software_trap        (see above)
    
 mscan0_rx_isr       
 | 
 +- software_trap        (see above)
    
 mscan0_tx_isr       
 | 
 +- software_trap        (see above)
    
 mscan1_wakeup_isr   
 | 
 +- software_trap        (see above)
    
 mscan1_error_isr    
 | 
 +- software_trap        (see above)
    
 mscan1_rx_isr       
 | 
 +- software_trap        (see above)
    
 mscan1_tx_isr       
 | 
 +- software_trap        (see above)
    
 mscan2_wakeup_isr   
 | 
 +- software_trap        (see above)
    
 mscan2_error_isr    
 | 
 +- software_trap        (see above)
    
 mscan2_rx_isr       
 | 
 +- software_trap        (see above)
    
 mscan2_tx_isr       
 | 
 +- software_trap        (see above)
    
 mscan3_wakeup_isr   
 | 
 +- software_trap        (see above)
    
 mscan3_error_isr    
 | 
 +- software_trap        (see above)
    
 mscan3_rx_isr       
 | 
 +- software_trap        (see above)
    
 mscan3_tx_isr       
 | 
 +- software_trap        (see above)
    
 mscan4_wakeup_isr   
 | 
 +- software_trap        (see above)
    
 mscan4_error_isr    
 | 
 +- software_trap        (see above)
    
 mscan4_rx_isr       
 | 
 +- software_trap        (see above)
    
 mscan4_tx_isr       
 | 
 +- software_trap        (see above)
    
 portp_isr           
 | 
 +- software_trap        (see above)
    
 pwm_shutdown_isr    
 | 
 +- software_trap        (see above)
    
*********************************************************************************************
STATISTIC SECTION
---------------------------------------------------------------------------------------------

ExeFile:
--------
Number of blocks to be downloaded: 6
Total size of all blocks to be downloaded: 6061

