
PROGRAM "C:\Users\Hyun\OneDrive - skku.edu\¹ÝµµÃ¼\2021 4-1\codeworrier\week6_2\bin\Flash_Application.abs"

*********************************************************************************************
TARGET SECTION
---------------------------------------------------------------------------------------------
Processor   : Freescale HC12
Memory Model: SMALL
File Format : ELF\DWARF 2.0
Linker      : SmartLinker V-5.0.52 Build 15249, Sep  7 2015

*********************************************************************************************
FILE SECTION
---------------------------------------------------------------------------------------------
START12.C.o                             Model: SMALL,         Lang: ANSI-C,        Compiler Version: ANSI-C/cC++ Compiler for HC12 V-5.0.46 Build 15249, Sep  7 2015
rtshc12.c.o (ansis.lib)                 Model: SMALL,         Lang: ANSI-C,        Compiler Version: ANSI-C/cC++ Compiler for HC12 V-5.0.46 Build 15249, Sep  7 2015
projectvectors.c.o                      Model: SMALL,         Lang: ANSI-C,        Compiler Version: ANSI-C/cC++ Compiler for HC12 V-5.0.46 Build 15249, Sep  7 2015
main.c.o                                Model: SMALL,         Lang: ANSI-C,        Compiler Version: ANSI-C/cC++ Compiler for HC12 V-5.0.46 Build 15249, Sep  7 2015
per_DP256_K79X.c.o                      Model: SMALL,         Lang: ANSI-C,        Compiler Version: ANSI-C/cC++ Compiler for HC12 V-5.0.46 Build 15249, Sep  7 2015
sci.c.o                                 Model: SMALL,         Lang: ANSI-C,        Compiler Version: ANSI-C/cC++ Compiler for HC12 V-5.0.46 Build 15249, Sep  7 2015
interrupt.c.o                           Model: SMALL,         Lang: ANSI-C,        Compiler Version: ANSI-C/cC++ Compiler for HC12 V-5.0.46 Build 15249, Sep  7 2015
lcd.c.o                                 Model: SMALL,         Lang: ANSI-C,        Compiler Version: ANSI-C/cC++ Compiler for HC12 V-5.0.46 Build 15249, Sep  7 2015

*********************************************************************************************
STARTUP SECTION
---------------------------------------------------------------------------------------------
Entry point: 0x4029 (_Startup)
_startupData is allocated at 0x4039 and uses 11 Bytes
extern struct _tagStartup {
  unsigned flags          0
  _PFunc   main           0x4135    (main)
  long     stackOffset    0x143A
  unsigned nofZeroOut     1
  _Range   pZeroOut       0x1000     59
  _Copy    *toCopyDownBeg 0x4494
} _startupData;

*********************************************************************************************
SECTION-ALLOCATION SECTION
Section Name                    Size  Type     From       To       Segment
---------------------------------------------------------------------------------------------
.init                             57     R     0x4000     0x4038   ROM_4000
.startData                        15     R     0x4039     0x4047   ROM_4000
.rodata1                           7     R     0x4048     0x404E   ROM_4000
NON_BANKED                       228     R     0x404F     0x4132   ROM_4000
.text                            654     R     0x4133     0x43C0   ROM_4000
.copy                              8     R     0x4494     0x449B   ROM_4000
.data                              3   R/W     0x1000     0x1002   RAM
.abs_section_0                    48   N/I        0x0       0x2F   .absSeg0
.abs_section_30                    4   N/I       0x30       0x33   .absSeg1
.abs_section_34                   12   N/I       0x34       0x3F   .absSeg2
.abs_section_40                   64   N/I       0x40       0x7F   .absSeg3
.abs_section_80                   32   N/I       0x80       0x9F   .absSeg4
.abs_section_a0                   40   N/I       0xA0       0xC7   .absSeg5
.abs_section_c8                    8   N/I       0xC8       0xCF   .absSeg6
.abs_section_d0                    8   N/I       0xD0       0xD7   .absSeg7
.abs_section_d8                    8   N/I       0xD8       0xDF   .absSeg8
.abs_section_e0                    8   N/I       0xE0       0xE7   .absSeg9
.abs_section_e8                    8   N/I       0xE8       0xEF   .absSeg10
.abs_section_f0                    8   N/I       0xF0       0xF7   .absSeg11
.abs_section_f8                    8   N/I       0xF8       0xFF   .absSeg12
.abs_section_100                  16   N/I      0x100      0x10F   .absSeg13
.abs_section_110                  12   N/I      0x110      0x11B   .absSeg14
.abs_section_120                  32   N/I      0x120      0x13F   .absSeg15
.abs_section_140                  64   N/I      0x140      0x17F   .absSeg16
.abs_section_180                  64   N/I      0x180      0x1BF   .absSeg17
.abs_section_1c0                  64   N/I      0x1C0      0x1FF   .absSeg18
.abs_section_200                  64   N/I      0x200      0x23F   .absSeg19
.abs_section_240                  48   N/I      0x240      0x26F   .absSeg20
.abs_section_280                  64   N/I      0x280      0x2BF   .absSeg21
.bss                               6   R/W     0x1003     0x1008   RAM
.common                           50   R/W     0x1009     0x103A   RAM
RUNTIME                          211     R     0x43C1     0x4493   ROM_4000
.stack                          1024   R/W     0x103B     0x143A   RAM
.vectSeg22_vect                  116     R     0xFF8C     0xFFFF   .vectSeg22

Summary of section sizes per section type:
READ_ONLY (R):         510 (dec:     1296)
READ_WRITE (R/W):      43B (dec:     1083)
NO_INIT (N/I):         2AC (dec:      684)

*********************************************************************************************
VECTOR-ALLOCATION SECTION
    Address     InitValue   InitFunction
---------------------------------------------------------------------------------------------
     0xFF8C        0x404F   pwm_shutdown_isr
     0xFF8E        0x4053   portp_isr
     0xFF90        0x4057   mscan4_tx_isr
     0xFF92        0x405B   mscan4_rx_isr
     0xFF94        0x405F   mscan4_error_isr
     0xFF96        0x4063   mscan4_wakeup_isr
     0xFF98        0x4067   mscan3_tx_isr
     0xFF9A        0x406B   mscan3_rx_isr
     0xFF9C        0x406F   mscan3_error_isr
     0xFF9E        0x4073   mscan3_wakeup_isr
     0xFFA0        0x4077   mscan2_tx_isr
     0xFFA2        0x407B   mscan2_rx_isr
     0xFFA4        0x407F   mscan2_error_isr
     0xFFA6        0x4083   mscan2_wakeup_isr
     0xFFA8        0x4087   mscan1_tx_isr
     0xFFAA        0x408B   mscan1_rx_isr
     0xFFAC        0x408F   mscan1_error_isr
     0xFFAE        0x4093   mscan1_wakeup_isr
     0xFFB0        0x4097   mscan0_tx_isr
     0xFFB2        0x409B   mscan0_rx_isr
     0xFFB4        0x409F   mscan0_error_isr
     0xFFB6        0x40A3   mscan0_wakeup_isr
     0xFFB8        0x40A7   flash_isr
     0xFFBA        0x40AB   eeprom_isr
     0xFFBC        0x40AF   spi2_isr
     0xFFBE        0x40B3   spi1_isr
     0xFFC0        0x40B7   iic_isr
     0xFFC2        0x40BB   bdlc_isr
     0xFFC4        0x40BF   crg_scm_isr
     0xFFC6        0x40C3   crg_pll_lock_isr
     0xFFC8        0x40C7   pa_b_overflow_isr
     0xFFCA        0x40CB   ect_mdc_isr
     0xFFCC        0x40CF   porth_isr
     0xFFCE        0x40D3   portj_isr
     0xFFD0        0x40D7   atd1_isr
     0xFFD2        0x40DB   atd0_isr
     0xFFD4        0x40DF   sci1_isr
     0xFFD6        0x40E3   sci0_isr
     0xFFD8        0x40E7   spi0_isr
     0xFFDA        0x40EB   pa_a_edge_isr
     0xFFDC        0x40EF   pa_a_overflow_isr
     0xFFDE        0x40F3   ect_overflow_isr
     0xFFE0        0x40F7   ect_ch7_isr
     0xFFE2        0x40FB   ect_ch6_isr
     0xFFE4        0x40FF   ect_ch5_isr
     0xFFE6        0x4103   ect_ch4_isr
     0xFFE8        0x4107   ect_ch3_isr
     0xFFEA        0x410B   ect_ch2_isr
     0xFFEC        0x410F   ect_ch1_isr
     0xFFEE        0x4113   ect_ch0_isr
     0xFFF0        0x4117   rti_isr
     0xFFF2        0x411B   irq_isr
     0xFFF4        0x411F   xirq_isr
     0xFFF6        0x4123   swi_isr
     0xFFF8        0x4127   trap_isr
     0xFFFA        0x412B   cop_isr
     0xFFFC        0x412F   clockmonitor_isr
     0xFFFE        0x4029   _Startup

*********************************************************************************************
OBJECT-ALLOCATION SECTION
     Name               Module                 Addr   hSize   dSize     Ref    Section   RLIB
---------------------------------------------------------------------------------------------
MODULE:                 -- START12.C.o --
- PROCEDURES:
     Init                                      4000      29      41       1   .init       
     _Startup                                  4029      10      16       0   .init       
- VARIABLES:
     _startupData                              4039       B      11       5   .startData  
- LABELS:
     __SEG_END_SSTACK                          143B       0       0       1               
MODULE:                 -- rtshc12.c.o (ansis.lib) --
- PROCEDURES:
     _lDivMod                                  43C1      BE     190       1   RUNTIME     
     _LDIVU                                    447F       E      14       1   RUNTIME     
     _ILSEXT                                   448D       7       7       1   RUNTIME     
- VARIABLES:
MODULE:                 -- projectvectors.c.o --
- PROCEDURES:
     software_trap                             4133       2       2      54   .text       
     pwm_shutdown_isr                          404F       4       4       0   NON_BANKED  
     portp_isr                                 4053       4       4       0   NON_BANKED  
     mscan4_tx_isr                             4057       4       4       0   NON_BANKED  
     mscan4_rx_isr                             405B       4       4       0   NON_BANKED  
     mscan4_error_isr                          405F       4       4       0   NON_BANKED  
     mscan4_wakeup_isr                         4063       4       4       0   NON_BANKED  
     mscan3_tx_isr                             4067       4       4       0   NON_BANKED  
     mscan3_rx_isr                             406B       4       4       0   NON_BANKED  
     mscan3_error_isr                          406F       4       4       0   NON_BANKED  
     mscan3_wakeup_isr                         4073       4       4       0   NON_BANKED  
     mscan2_tx_isr                             4077       4       4       0   NON_BANKED  
     mscan2_rx_isr                             407B       4       4       0   NON_BANKED  
     mscan2_error_isr                          407F       4       4       0   NON_BANKED  
     mscan2_wakeup_isr                         4083       4       4       0   NON_BANKED  
     mscan1_tx_isr                             4087       4       4       0   NON_BANKED  
     mscan1_rx_isr                             408B       4       4       0   NON_BANKED  
     mscan1_error_isr                          408F       4       4       0   NON_BANKED  
     mscan1_wakeup_isr                         4093       4       4       0   NON_BANKED  
     mscan0_tx_isr                             4097       4       4       0   NON_BANKED  
     mscan0_rx_isr                             409B       4       4       0   NON_BANKED  
     mscan0_error_isr                          409F       4       4       0   NON_BANKED  
     mscan0_wakeup_isr                         40A3       4       4       0   NON_BANKED  
     flash_isr                                 40A7       4       4       0   NON_BANKED  
     eeprom_isr                                40AB       4       4       0   NON_BANKED  
     spi2_isr                                  40AF       4       4       0   NON_BANKED  
     spi1_isr                                  40B3       4       4       0   NON_BANKED  
     iic_isr                                   40B7       4       4       0   NON_BANKED  
     bdlc_isr                                  40BB       4       4       0   NON_BANKED  
     crg_scm_isr                               40BF       4       4       0   NON_BANKED  
     crg_pll_lock_isr                          40C3       4       4       0   NON_BANKED  
     pa_b_overflow_isr                         40C7       4       4       0   NON_BANKED  
     ect_mdc_isr                               40CB       4       4       0   NON_BANKED  
     porth_isr                                 40CF       4       4       0   NON_BANKED  
     portj_isr                                 40D3       4       4       0   NON_BANKED  
     atd1_isr                                  40D7       4       4       0   NON_BANKED  
     atd0_isr                                  40DB       4       4       0   NON_BANKED  
     sci1_isr                                  40DF       4       4       0   NON_BANKED  
     sci0_isr                                  40E3       4       4       0   NON_BANKED  
     spi0_isr                                  40E7       4       4       0   NON_BANKED  
     pa_a_edge_isr                             40EB       4       4       0   NON_BANKED  
     pa_a_overflow_isr                         40EF       4       4       0   NON_BANKED  
     ect_overflow_isr                          40F3       4       4       0   NON_BANKED  
     ect_ch7_isr                               40F7       4       4       0   NON_BANKED  
     ect_ch6_isr                               40FB       4       4       0   NON_BANKED  
     ect_ch5_isr                               40FF       4       4       0   NON_BANKED  
     ect_ch4_isr                               4103       4       4       0   NON_BANKED  
     ect_ch3_isr                               4107       4       4       0   NON_BANKED  
     ect_ch2_isr                               410B       4       4       0   NON_BANKED  
     ect_ch1_isr                               410F       4       4       0   NON_BANKED  
     ect_ch0_isr                               4113       4       4       0   NON_BANKED  
     rti_isr                                   4117       4       4       0   NON_BANKED  
     irq_isr                                   411B       4       4       0   NON_BANKED  
     xirq_isr                                  411F       4       4       0   NON_BANKED  
     swi_isr                                   4123       4       4       0   NON_BANKED  
     trap_isr                                  4127       4       4       0   NON_BANKED  
     cop_isr                                   412B       4       4       0   NON_BANKED  
     clockmonitor_isr                          412F       4       4       0   NON_BANKED  
- VARIABLES:
MODULE:                 -- main.c.o --
- PROCEDURES:
     main                                      4135      37      55       0   .text       
- VARIABLES:
     STRING.SCI.OK.1                           4048       7       7       1   .rodata1    
     RX                                        1009       B      11       1   .common     
MODULE:                 -- per_DP256_K79X.c.o --
- PROCEDURES:
- VARIABLES:
     Regs                                         0      30      48      11   .abs_section_0
     Page                                        30       4       4       0   .abs_section_30
     Crg                                         34       C      12       0   .abs_section_34
     Tim0                                        40      40      64       0   .abs_section_40
     Atd0                                        80      20      32       0   .abs_section_80
     Pwm                                         A0      28      40       0   .abs_section_a0
     Sci0                                        C8       8       8       7   .abs_section_c8
     Sci1                                        D0       8       8       0   .abs_section_d0
     Spi0                                        D8       8       8       0   .abs_section_d8
     Iic                                         E0       8       8       0   .abs_section_e0
     Bdlc                                        E8       8       8       0   .abs_section_e8
     Spi1                                        F0       8       8       0   .abs_section_f0
     Spi2                                        F8       8       8       0   .abs_section_f8
     Flash                                      100      10      16       0   .abs_section_100
     Eeprom                                     110       C      12       0   .abs_section_110
     Atd1                                       120      20      32       0   .abs_section_120
     Can0                                       140      40      64       0   .abs_section_140
     Can1                                       180      40      64       0   .abs_section_180
     Can2                                       1C0      40      64       0   .abs_section_1c0
     Can3                                       200      40      64       0   .abs_section_200
     Pim                                        240      30      48      10   .abs_section_240
     Can4                                       280      40      64       0   .abs_section_280
MODULE:                 -- sci.c.o --
- PROCEDURES:
     init_sci0                                 416C      24      36       1   .text       
     write_sci0                                4190       7       7       2   .text       
     sci0_handler                              4197      23      35       1   .text       
- VARIABLES:
     txbuffer_sci0                             1014       2       2       5   .common     
     txoffset_sci0                             1016       2       2       1   .common     
     rxbuffer_sci0                             1018       2       2       1   .common     
MODULE:                 -- interrupt.c.o --
- PROCEDURES:
     ini_interrupt                             41BA       C      12       1   .text       
     interruptJ_function                       41C6      BA     186       2   .text       
     interruptX_function                       4280      61      97       1   .text       
     init_LCDDATA                              42E1      24      36       1   .text       
     m_delay                                   4305      24      36       1   .text       
- VARIABLES:
     offset                                    1000       2       2       2   .data       
     chr                                       1002       1       1       8   .data       
     full                                      1003       2       2       3   .bss        
     i                                         1005       2       2      14   .bss        
     j                                         1007       2       2       8   .bss        
     data                                      101A      21      33       6   .common     
MODULE:                 -- lcd.c.o --
- PROCEDURES:
     init_LCD                                  4329      18      24       1   .text       
     set_inst_register                         4341      26      38       6   .text       
     write_data                                4367      26      38       1   .text       
     write_char                                438D      10      16       4   .text       
     ms_delay                                  439D      24      36       2   .text       
- VARIABLES:

*********************************************************************************************
MODULE STATISTIC
  Name                                      Data   Code  Const
---------------------------------------------------------------------------------------------
  START12.C.o                                  0     57      0
  rtshc12.c.o (ansis.lib)                      0    211      0
  projectvectors.c.o                           0    230      0
  main.c.o                                    11     55      7
  per_DP256_K79X.c.o                         684      0      0
  sci.c.o                                      6     78      0
  interrupt.c.o                               42    367      0
  lcd.c.o                                      0    152      0
  other                                     1024    131      8

*********************************************************************************************
SECTION USE IN OBJECT-ALLOCATION SECTION
---------------------------------------------------------------------------------------------
SECTION: ".text"
  software_trap main init_sci0 write_sci0 sci0_handler ini_interrupt 
  interruptJ_function interruptX_function init_LCDDATA m_delay init_LCD 
  set_inst_register write_data write_char ms_delay 
SECTION: ".data"
  offset chr 
SECTION: ".bss"
  full i j 
SECTION: ".init"
  Init _Startup 
SECTION: ".rodata1"
  STRING.SCI.OK.1 
SECTION: "NON_BANKED"
  pwm_shutdown_isr portp_isr mscan4_tx_isr mscan4_rx_isr mscan4_error_isr 
  mscan4_wakeup_isr mscan3_tx_isr mscan3_rx_isr mscan3_error_isr 
  mscan3_wakeup_isr mscan2_tx_isr mscan2_rx_isr mscan2_error_isr 
  mscan2_wakeup_isr mscan1_tx_isr mscan1_rx_isr mscan1_error_isr 
  mscan1_wakeup_isr mscan0_tx_isr mscan0_rx_isr mscan0_error_isr 
  mscan0_wakeup_isr flash_isr eeprom_isr spi2_isr spi1_isr iic_isr bdlc_isr 
  crg_scm_isr crg_pll_lock_isr pa_b_overflow_isr ect_mdc_isr porth_isr 
  portj_isr atd1_isr atd0_isr sci1_isr sci0_isr spi0_isr pa_a_edge_isr 
  pa_a_overflow_isr ect_overflow_isr ect_ch7_isr ect_ch6_isr ect_ch5_isr 
  ect_ch4_isr ect_ch3_isr ect_ch2_isr ect_ch1_isr ect_ch0_isr rti_isr irq_isr 
  xirq_isr swi_isr trap_isr cop_isr clockmonitor_isr 
SECTION: ".common"
  RX txbuffer_sci0 txoffset_sci0 rxbuffer_sci0 data 
SECTION: "RUNTIME"
  _lDivMod _LDIVU _ILSEXT 
SECTION: ".abs_section_0"
  Regs 
SECTION: ".abs_section_30"
  Page 
SECTION: ".abs_section_34"
  Crg 
SECTION: ".abs_section_40"
  Tim0 
SECTION: ".abs_section_80"
  Atd0 
SECTION: ".abs_section_a0"
  Pwm 
SECTION: ".abs_section_c8"
  Sci0 
SECTION: ".abs_section_d0"
  Sci1 
SECTION: ".abs_section_d8"
  Spi0 
SECTION: ".abs_section_e0"
  Iic 
SECTION: ".abs_section_e8"
  Bdlc 
SECTION: ".abs_section_f0"
  Spi1 
SECTION: ".abs_section_f8"
  Spi2 
SECTION: ".abs_section_100"
  Flash 
SECTION: ".abs_section_110"
  Eeprom 
SECTION: ".abs_section_120"
  Atd1 
SECTION: ".abs_section_140"
  Can0 
SECTION: ".abs_section_180"
  Can1 
SECTION: ".abs_section_1c0"
  Can2 
SECTION: ".abs_section_200"
  Can3 
SECTION: ".abs_section_240"
  Pim 
SECTION: ".abs_section_280"
  Can4 

*********************************************************************************************
OBJECT LIST SORTED BY ADDRESS
     Name                                      Addr   hSize   dSize     Ref    Section   RLIB
---------------------------------------------------------------------------------------------
     Regs                                         0      30      48      11   .abs_section_0
     Page                                        30       4       4       0   .abs_section_30
     Crg                                         34       C      12       0   .abs_section_34
     Tim0                                        40      40      64       0   .abs_section_40
     Atd0                                        80      20      32       0   .abs_section_80
     Pwm                                         A0      28      40       0   .abs_section_a0
     Sci0                                        C8       8       8       7   .abs_section_c8
     Sci1                                        D0       8       8       0   .abs_section_d0
     Spi0                                        D8       8       8       0   .abs_section_d8
     Iic                                         E0       8       8       0   .abs_section_e0
     Bdlc                                        E8       8       8       0   .abs_section_e8
     Spi1                                        F0       8       8       0   .abs_section_f0
     Spi2                                        F8       8       8       0   .abs_section_f8
     Flash                                      100      10      16       0   .abs_section_100
     Eeprom                                     110       C      12       0   .abs_section_110
     Atd1                                       120      20      32       0   .abs_section_120
     Can0                                       140      40      64       0   .abs_section_140
     Can1                                       180      40      64       0   .abs_section_180
     Can2                                       1C0      40      64       0   .abs_section_1c0
     Can3                                       200      40      64       0   .abs_section_200
     Pim                                        240      30      48      10   .abs_section_240
     Can4                                       280      40      64       0   .abs_section_280
     offset                                    1000       2       2       2   .data       
     chr                                       1002       1       1       8   .data       
     full                                      1003       2       2       3   .bss        
     i                                         1005       2       2      14   .bss        
     j                                         1007       2       2       8   .bss        
     RX                                        1009       B      11       1   .common     
     txbuffer_sci0                             1014       2       2       5   .common     
     txoffset_sci0                             1016       2       2       1   .common     
     rxbuffer_sci0                             1018       2       2       1   .common     
     data                                      101A      21      33       6   .common     
     Init                                      4000      29      41       1   .init       
     _Startup                                  4029      10      16       0   .init       
     STRING.SCI.OK.1                           4048       7       7       1   .rodata1    
     pwm_shutdown_isr                          404F       4       4       0   NON_BANKED  
     portp_isr                                 4053       4       4       0   NON_BANKED  
     mscan4_tx_isr                             4057       4       4       0   NON_BANKED  
     mscan4_rx_isr                             405B       4       4       0   NON_BANKED  
     mscan4_error_isr                          405F       4       4       0   NON_BANKED  
     mscan4_wakeup_isr                         4063       4       4       0   NON_BANKED  
     mscan3_tx_isr                             4067       4       4       0   NON_BANKED  
     mscan3_rx_isr                             406B       4       4       0   NON_BANKED  
     mscan3_error_isr                          406F       4       4       0   NON_BANKED  
     mscan3_wakeup_isr                         4073       4       4       0   NON_BANKED  
     mscan2_tx_isr                             4077       4       4       0   NON_BANKED  
     mscan2_rx_isr                             407B       4       4       0   NON_BANKED  
     mscan2_error_isr                          407F       4       4       0   NON_BANKED  
     mscan2_wakeup_isr                         4083       4       4       0   NON_BANKED  
     mscan1_tx_isr                             4087       4       4       0   NON_BANKED  
     mscan1_rx_isr                             408B       4       4       0   NON_BANKED  
     mscan1_error_isr                          408F       4       4       0   NON_BANKED  
     mscan1_wakeup_isr                         4093       4       4       0   NON_BANKED  
     mscan0_tx_isr                             4097       4       4       0   NON_BANKED  
     mscan0_rx_isr                             409B       4       4       0   NON_BANKED  
     mscan0_error_isr                          409F       4       4       0   NON_BANKED  
     mscan0_wakeup_isr                         40A3       4       4       0   NON_BANKED  
     flash_isr                                 40A7       4       4       0   NON_BANKED  
     eeprom_isr                                40AB       4       4       0   NON_BANKED  
     spi2_isr                                  40AF       4       4       0   NON_BANKED  
     spi1_isr                                  40B3       4       4       0   NON_BANKED  
     iic_isr                                   40B7       4       4       0   NON_BANKED  
     bdlc_isr                                  40BB       4       4       0   NON_BANKED  
     crg_scm_isr                               40BF       4       4       0   NON_BANKED  
     crg_pll_lock_isr                          40C3       4       4       0   NON_BANKED  
     pa_b_overflow_isr                         40C7       4       4       0   NON_BANKED  
     ect_mdc_isr                               40CB       4       4       0   NON_BANKED  
     porth_isr                                 40CF       4       4       0   NON_BANKED  
     portj_isr                                 40D3       4       4       0   NON_BANKED  
     atd1_isr                                  40D7       4       4       0   NON_BANKED  
     atd0_isr                                  40DB       4       4       0   NON_BANKED  
     sci1_isr                                  40DF       4       4       0   NON_BANKED  
     sci0_isr                                  40E3       4       4       0   NON_BANKED  
     spi0_isr                                  40E7       4       4       0   NON_BANKED  
     pa_a_edge_isr                             40EB       4       4       0   NON_BANKED  
     pa_a_overflow_isr                         40EF       4       4       0   NON_BANKED  
     ect_overflow_isr                          40F3       4       4       0   NON_BANKED  
     ect_ch7_isr                               40F7       4       4       0   NON_BANKED  
     ect_ch6_isr                               40FB       4       4       0   NON_BANKED  
     ect_ch5_isr                               40FF       4       4       0   NON_BANKED  
     ect_ch4_isr                               4103       4       4       0   NON_BANKED  
     ect_ch3_isr                               4107       4       4       0   NON_BANKED  
     ect_ch2_isr                               410B       4       4       0   NON_BANKED  
     ect_ch1_isr                               410F       4       4       0   NON_BANKED  
     ect_ch0_isr                               4113       4       4       0   NON_BANKED  
     rti_isr                                   4117       4       4       0   NON_BANKED  
     irq_isr                                   411B       4       4       0   NON_BANKED  
     xirq_isr                                  411F       4       4       0   NON_BANKED  
     swi_isr                                   4123       4       4       0   NON_BANKED  
     trap_isr                                  4127       4       4       0   NON_BANKED  
     cop_isr                                   412B       4       4       0   NON_BANKED  
     clockmonitor_isr                          412F       4       4       0   NON_BANKED  
     software_trap                             4133       2       2      54   .text       
     main                                      4135      37      55       0   .text       
     init_sci0                                 416C      24      36       1   .text       
     write_sci0                                4190       7       7       2   .text       
     sci0_handler                              4197      23      35       1   .text       
     ini_interrupt                             41BA       C      12       1   .text       
     interruptJ_function                       41C6      BA     186       2   .text       
     interruptX_function                       4280      61      97       1   .text       
     init_LCDDATA                              42E1      24      36       1   .text       
     m_delay                                   4305      24      36       1   .text       
     init_LCD                                  4329      18      24       1   .text       
     set_inst_register                         4341      26      38       6   .text       
     write_data                                4367      26      38       1   .text       
     write_char                                438D      10      16       4   .text       
     ms_delay                                  439D      24      36       2   .text       
     _lDivMod                                  43C1      BE     190       1   RUNTIME     
     _LDIVU                                    447F       E      14       1   RUNTIME     
     _ILSEXT                                   448D       7       7       1   RUNTIME     

*********************************************************************************************
UNUSED-OBJECTS SECTION
---------------------------------------------------------------------------------------------
NOT USED PROCEDURES
rtshc12.c.o (ansis.lib):
  _BSHL _BSHRS _BSHRU _BDIVMODU _BDIVMODS _ISHL _ISHRU _ISHRS _LSHL _LSHRU 
  _LSHRS _LADD _LSUB _LAND _LOR _LXOR _LCMP _LCMP_P _LCMP_PP _LNEG _LCOM _LINC 
  _LDEC _LMUL _LMULU16x32 _LMULS16x32 _NEG_P _LDIVS _LMODU _LMODS _COPY 
  _CASE_DIRECT _CASE_DIRECT_BYTE _CASE_CHECKED _CASE_CHECKED_BYTE _CASE_SEARCH 
  _CASE_SEARCH_BYTE _CASE_SEARCH_8 _CASE_SEARCH_8_BYTE _FCALL _FPCMP 
projectvectors.c.o:
  unused_isr 
lcd.c.o:
  write_string 
NOT USED VARIABLES
rtshc12.c.o (ansis.lib):
  _PowOfTwo_8 _PowOfTwo_16 _PowOfTwo_32 errno 

*********************************************************************************************
COPYDOWN SECTION
---------------------------------------------------------------------------------------------
------- ROM-ADDRESS: 0x4494 ---- SIZE       4 ---
Filling bytes inserted
 00021001
------- ROM-ADDRESS: 0x4498 ---- RAM-ADDRESS: 0x1001 ---- SIZE       1 ---
Name of initialized Object : offset:1
 80
------- ROM-ADDRESS: 0x4499 ---- RAM-ADDRESS: 0x1002 ---- SIZE       1 ---
Name of initialized Object : chr
 41
------- ROM-ADDRESS: 0x449A ---- SIZE       2 ---
Filling bytes inserted
 0000

*********************************************************************************************
OBJECT-DEPENDENCIES SECTION
---------------------------------------------------------------------------------------------
Init                      USES _startupData 
_Startup                  USES _startupData __SEG_END_SSTACK Init 
pwm_shutdown_isr          USES software_trap 
portp_isr                 USES software_trap 
mscan4_tx_isr             USES software_trap 
mscan4_rx_isr             USES software_trap 
mscan4_error_isr          USES software_trap 
mscan4_wakeup_isr         USES software_trap 
mscan3_tx_isr             USES software_trap 
mscan3_rx_isr             USES software_trap 
mscan3_error_isr          USES software_trap 
mscan3_wakeup_isr         USES software_trap 
mscan2_tx_isr             USES software_trap 
mscan2_rx_isr             USES software_trap 
mscan2_error_isr          USES software_trap 
mscan2_wakeup_isr         USES software_trap 
mscan1_tx_isr             USES software_trap 
mscan1_rx_isr             USES software_trap 
mscan1_error_isr          USES software_trap 
mscan1_wakeup_isr         USES software_trap 
mscan0_tx_isr             USES software_trap 
mscan0_rx_isr             USES software_trap 
mscan0_error_isr          USES software_trap 
mscan0_wakeup_isr         USES software_trap 
flash_isr                 USES software_trap 
eeprom_isr                USES software_trap 
spi2_isr                  USES software_trap 
spi1_isr                  USES software_trap 
iic_isr                   USES software_trap 
bdlc_isr                  USES software_trap 
crg_scm_isr               USES software_trap 
crg_pll_lock_isr          USES software_trap 
pa_b_overflow_isr         USES software_trap 
ect_mdc_isr               USES software_trap 
porth_isr                 USES software_trap 
portj_isr                 USES interruptJ_function 
atd1_isr                  USES software_trap 
atd0_isr                  USES software_trap 
sci1_isr                  USES software_trap 
sci0_isr                  USES sci0_handler 
spi0_isr                  USES software_trap 
pa_a_edge_isr             USES software_trap 
pa_a_overflow_isr         USES software_trap 
ect_overflow_isr          USES software_trap 
ect_ch7_isr               USES software_trap 
ect_ch6_isr               USES software_trap 
ect_ch5_isr               USES software_trap 
ect_ch4_isr               USES software_trap 
ect_ch3_isr               USES software_trap 
ect_ch2_isr               USES software_trap 
ect_ch1_isr               USES software_trap 
ect_ch0_isr               USES software_trap 
rti_isr                   USES software_trap 
irq_isr                   USES software_trap 
xirq_isr                  USES interruptX_function 
swi_isr                   USES software_trap 
trap_isr                  USES software_trap 
cop_isr                   USES software_trap 
clockmonitor_isr          USES software_trap 
main                      USES init_LCD ini_interrupt RX init_sci0 Regs Pim 
                                write_char STRING.SCI.OK.1 write_sci0 
init_sci0                 USES _ILSEXT _LDIVU Sci0 txoffset_sci0 rxbuffer_sci0 
write_sci0                USES txbuffer_sci0 Sci0 
sci0_handler              USES Regs Pim Sci0 txbuffer_sci0 
ini_interrupt             USES Pim 
interruptJ_function       USES Regs Pim chr interruptJ_function write_char i j 
                                data full offset 
interruptX_function       USES j i full data write_sci0 m_delay init_LCDDATA 
init_LCDDATA              USES set_inst_register offset i j full chr 
                                write_char 
init_LCD                  USES Regs set_inst_register 
set_inst_register         USES ms_delay Regs 
write_data                USES ms_delay Regs 
write_char                USES set_inst_register write_data 
_LDIVU                    USES _lDivMod 

*********************************************************************************************
DEPENDENCY TREE
*********************************************************************************************
 main and _Startup Group
 | 
 +- main                
 |  | 
 |  +- init_LCD            
 |  |  | 
 |  |  +- set_inst_register   
 |  |     | 
 |  |     +- ms_delay            
 |  |          
 |  +- ini_interrupt       
 |  |    
 |  +- init_sci0           
 |  |  | 
 |  |  +- _ILSEXT             
 |  |  |    
 |  |  +- _LDIVU              
 |  |     | 
 |  |     +- _lDivMod            
 |  |          
 |  +- write_char          
 |  |  | 
 |  |  +- set_inst_register    (see above)
 |  |  |  
 |  |  +- write_data          
 |  |     | 
 |  |     +- ms_delay             (see above)
 |  |        
 |  +- write_sci0          
 |       
 +- _Startup            
    | 
    +- Init                
         
 clockmonitor_isr    
 | 
 +- software_trap       
      
 cop_isr             
 | 
 +- software_trap        (see above)
    
 trap_isr            
 | 
 +- software_trap        (see above)
    
 swi_isr             
 | 
 +- software_trap        (see above)
    
 xirq_isr            
 | 
 +- interruptX_function 
    | 
    +- write_sci0           (see above)
    |  
    +- m_delay             
    |    
    +- init_LCDDATA        
       | 
       +- set_inst_register    (see above)
       |  
       +- write_char           (see above)
          
 irq_isr             
 | 
 +- software_trap        (see above)
    
 rti_isr             
 | 
 +- software_trap        (see above)
    
 ect_ch0_isr         
 | 
 +- software_trap        (see above)
    
 ect_ch1_isr         
 | 
 +- software_trap        (see above)
    
 ect_ch2_isr         
 | 
 +- software_trap        (see above)
    
 ect_ch3_isr         
 | 
 +- software_trap        (see above)
    
 ect_ch4_isr         
 | 
 +- software_trap        (see above)
    
 ect_ch5_isr         
 | 
 +- software_trap        (see above)
    
 ect_ch6_isr         
 | 
 +- software_trap        (see above)
    
 ect_ch7_isr         
 | 
 +- software_trap        (see above)
    
 ect_overflow_isr    
 | 
 +- software_trap        (see above)
    
 pa_a_overflow_isr   
 | 
 +- software_trap        (see above)
    
 pa_a_edge_isr       
 | 
 +- software_trap        (see above)
    
 spi0_isr            
 | 
 +- software_trap        (see above)
    
 sci0_isr            
 | 
 +- sci0_handler        
      
 sci1_isr            
 | 
 +- software_trap        (see above)
    
 atd0_isr            
 | 
 +- software_trap        (see above)
    
 atd1_isr            
 | 
 +- software_trap        (see above)
    
 portj_isr           
 | 
 +- interruptJ_function 
    | 
    +- write_char           (see above)
       
 porth_isr           
 | 
 +- software_trap        (see above)
    
 ect_mdc_isr         
 | 
 +- software_trap        (see above)
    
 pa_b_overflow_isr   
 | 
 +- software_trap        (see above)
    
 crg_pll_lock_isr    
 | 
 +- software_trap        (see above)
    
 crg_scm_isr         
 | 
 +- software_trap        (see above)
    
 bdlc_isr            
 | 
 +- software_trap        (see above)
    
 iic_isr             
 | 
 +- software_trap        (see above)
    
 spi1_isr            
 | 
 +- software_trap        (see above)
    
 spi2_isr            
 | 
 +- software_trap        (see above)
    
 eeprom_isr          
 | 
 +- software_trap        (see above)
    
 flash_isr           
 | 
 +- software_trap        (see above)
    
 mscan0_wakeup_isr   
 | 
 +- software_trap        (see above)
    
 mscan0_error_isr    
 | 
 +- software_trap        (see above)
    
 mscan0_rx_isr       
 | 
 +- software_trap        (see above)
    
 mscan0_tx_isr       
 | 
 +- software_trap        (see above)
    
 mscan1_wakeup_isr   
 | 
 +- software_trap        (see above)
    
 mscan1_error_isr    
 | 
 +- software_trap        (see above)
    
 mscan1_rx_isr       
 | 
 +- software_trap        (see above)
    
 mscan1_tx_isr       
 | 
 +- software_trap        (see above)
    
 mscan2_wakeup_isr   
 | 
 +- software_trap        (see above)
    
 mscan2_error_isr    
 | 
 +- software_trap        (see above)
    
 mscan2_rx_isr       
 | 
 +- software_trap        (see above)
    
 mscan2_tx_isr       
 | 
 +- software_trap        (see above)
    
 mscan3_wakeup_isr   
 | 
 +- software_trap        (see above)
    
 mscan3_error_isr    
 | 
 +- software_trap        (see above)
    
 mscan3_rx_isr       
 | 
 +- software_trap        (see above)
    
 mscan3_tx_isr       
 | 
 +- software_trap        (see above)
    
 mscan4_wakeup_isr   
 | 
 +- software_trap        (see above)
    
 mscan4_error_isr    
 | 
 +- software_trap        (see above)
    
 mscan4_rx_isr       
 | 
 +- software_trap        (see above)
    
 mscan4_tx_isr       
 | 
 +- software_trap        (see above)
    
 portp_isr           
 | 
 +- software_trap        (see above)
    
 pwm_shutdown_isr    
 | 
 +- software_trap        (see above)
    
*********************************************************************************************
STATISTIC SECTION
---------------------------------------------------------------------------------------------

ExeFile:
--------
Number of blocks to be downloaded: 7
Total size of all blocks to be downloaded: 1296

